Duplicated file found; will not be sent for synthesis: /home/test/Projects/CameraZynq/CameraFPGA/camera.gen/sources_1/bd/top/bd/sensor_inst_0/ipshared/217a/hdl/xlslice_v1_0_vl_rfs.v
Duplicated file found; will not be sent for synthesis: /home/test/Projects/CameraZynq/CameraFPGA/camera.gen/sources_1/bd/top/bd/sensor_inst_0/ip/sensor_inst_0_util_ds_buf_1_0/util_ds_buf.vhd
Duplicated file found; will not be sent for synthesis: /home/test/Projects/CameraZynq/CameraFPGA/camera.gen/sources_1/bd/top/bd/sensor_inst_0/synth/sensor_inst_0.v
Duplicated file found; will not be sent for synthesis: /home/test/Projects/CameraZynq/CameraFPGA/camera.gen/sources_1/bd/top/bd/sensor_inst_0/ipshared/66ea/hdl/axi_lite_ipif_v3_0_vh_rfs.vhd
Duplicated file found; will not be sent for synthesis: /home/test/Projects/CameraZynq/CameraFPGA/camera.gen/sources_1/bd/top/bd/sensor_inst_0/ipshared/ef1e/hdl/lib_cdc_v1_0_rfs.vhd
Duplicated file found; will not be sent for synthesis: /home/test/Projects/CameraZynq/CameraFPGA/camera.gen/sources_1/bd/top/bd/sensor_inst_0/ipshared/d8cc/hdl/interrupt_control_v3_1_vh_rfs.vhd
Duplicated file found; will not be sent for synthesis: /home/test/Projects/CameraZynq/CameraFPGA/camera.gen/sources_1/bd/top/bd/sensor_inst_0/ipshared/6fbe/hdl/axi_gpio_v2_0_vh_rfs.vhd
Duplicated file found; will not be sent for synthesis: /home/test/Projects/CameraZynq/CameraFPGA/camera.gen/sources_1/bd/top/bd/sensor_inst_0/ip/sensor_inst_0_axi_gpio_0_0/synth/sensor_inst_0_axi_gpio_0_0.vhd
Duplicated file found; will not be sent for synthesis: /home/test/Projects/CameraZynq/CameraFPGA/camera.gen/sources_1/bd/top/bd/sensor_inst_0/ipshared/e2ba/hdl/verilog/ltlib_v1_0_1_ver.vh
Duplicated file found; will not be sent for synthesis: /home/test/Projects/CameraZynq/CameraFPGA/camera.gen/sources_1/bd/top/bd/sensor_inst_0/ipshared/e2ba/hdl/verilog/ltlib_v1_0_1_lib_fn.vh
Duplicated file found; will not be sent for synthesis: /home/test/Projects/CameraZynq/CameraFPGA/camera.gen/sources_1/bd/top/bd/sensor_inst_0/ipshared/e2ba/hdl/ltlib_v1_0_vl_rfs.v
Duplicated file found; will not be sent for synthesis: /home/test/Projects/CameraZynq/CameraFPGA/camera.gen/sources_1/bd/top/bd/sensor_inst_0/ipshared/a29c/hdl/verilog/xsdbs_v1_0_3_i2x.vh
Duplicated file found; will not be sent for synthesis: /home/test/Projects/CameraZynq/CameraFPGA/camera.gen/sources_1/bd/top/bd/sensor_inst_0/ipshared/a29c/hdl/verilog/xsdbs_v1_0_3_in.vh
Duplicated file found; will not be sent for synthesis: /home/test/Projects/CameraZynq/CameraFPGA/camera.gen/sources_1/bd/top/bd/sensor_inst_0/ipshared/a29c/hdl/xsdbs_v1_0_vl_rfs.v
Duplicated file found; will not be sent for synthesis: /home/test/Projects/CameraZynq/CameraFPGA/camera.gen/sources_1/bd/top/bd/sensor_inst_0/ipshared/1a4e/hdl/blk_mem_gen_v8_3_vhsyn_rfs.vhd
Duplicated file found; will not be sent for synthesis: /home/test/Projects/CameraZynq/CameraFPGA/camera.gen/sources_1/bd/top/bd/sensor_inst_0/ipshared/1665/hdl/fifo_generator_v13_1_vhsyn_rfs.vhd
Duplicated file found; will not be sent for synthesis: /home/test/Projects/CameraZynq/CameraFPGA/camera.gen/sources_1/bd/top/bd/sensor_inst_0/ipshared/ae90/hdl/verilog/xsdbm_v3_0_0_i2x.vh
Duplicated file found; will not be sent for synthesis: /home/test/Projects/CameraZynq/CameraFPGA/camera.gen/sources_1/bd/top/bd/sensor_inst_0/ipshared/ae90/hdl/verilog/xsdbm_v3_0_0_in.vh
Duplicated file found; will not be sent for synthesis: /home/test/Projects/CameraZynq/CameraFPGA/camera.gen/sources_1/bd/top/bd/sensor_inst_0/ipshared/ae90/hdl/verilog/xsdbm_v3_0_0_icn.vh
Duplicated file found; will not be sent for synthesis: /home/test/Projects/CameraZynq/CameraFPGA/camera.gen/sources_1/bd/top/bd/sensor_inst_0/ipshared/ae90/hdl/verilog/xsdbm_v3_0_0_bs.vh
Duplicated file found; will not be sent for synthesis: /home/test/Projects/CameraZynq/CameraFPGA/camera.gen/sources_1/bd/top/bd/sensor_inst_0/ipshared/ae90/hdl/verilog/xsdbm_v3_0_0_bs_ext.vh
Duplicated file found; will not be sent for synthesis: /home/test/Projects/CameraZynq/CameraFPGA/camera.gen/sources_1/bd/top/bd/sensor_inst_0/ipshared/ae90/hdl/verilog/xsdbm_v3_0_0_bs_core.vh
Duplicated file found; will not be sent for synthesis: /home/test/Projects/CameraZynq/CameraFPGA/camera.gen/sources_1/bd/top/bd/sensor_inst_0/ipshared/ae90/hdl/verilog/xsdbm_v3_0_0_bs_core_ext.vh
Duplicated file found; will not be sent for synthesis: /home/test/Projects/CameraZynq/CameraFPGA/camera.gen/sources_1/bd/top/bd/sensor_inst_0/ipshared/ae90/hdl/verilog/xsdbm_v3_0_0_bs_ports.vh
Duplicated file found; will not be sent for synthesis: /home/test/Projects/CameraZynq/CameraFPGA/camera.gen/sources_1/bd/top/bd/sensor_inst_0/ipshared/ae90/hdl/verilog/xsdbm_v3_0_0_bsid_ports.vh
Duplicated file found; will not be sent for synthesis: /home/test/Projects/CameraZynq/CameraFPGA/camera.gen/sources_1/bd/top/bd/sensor_inst_0/ipshared/ae90/hdl/verilog/xsdbm_v3_0_0_bsid_vec_ports.vh
Duplicated file found; will not be sent for synthesis: /home/test/Projects/CameraZynq/CameraFPGA/camera.gen/sources_1/bd/top/bd/sensor_inst_0/ipshared/ae90/hdl/verilog/xsdbm_v3_0_0_bs_vec.vh
Duplicated file found; will not be sent for synthesis: /home/test/Projects/CameraZynq/CameraFPGA/camera.gen/sources_1/bd/top/bd/sensor_inst_0/ipshared/ae90/hdl/verilog/xsdbm_v3_0_0_bs_core_vec.vh
Duplicated file found; will not be sent for synthesis: /home/test/Projects/CameraZynq/CameraFPGA/camera.gen/sources_1/bd/top/bd/sensor_inst_0/ipshared/ae90/hdl/verilog/xsdbm_v3_0_0_sl_prt_map.vh
Duplicated file found; will not be sent for synthesis: /home/test/Projects/CameraZynq/CameraFPGA/camera.gen/sources_1/bd/top/bd/sensor_inst_0/ipshared/ae90/hdl/verilog/xsdbm_v3_0_0_id_map.vh
Duplicated file found; will not be sent for synthesis: /home/test/Projects/CameraZynq/CameraFPGA/camera.gen/sources_1/bd/top/bd/sensor_inst_0/ipshared/ae90/hdl/verilog/xsdbm_v3_0_0_id_vec_map.vh
Duplicated file found; will not be sent for synthesis: /home/test/Projects/CameraZynq/CameraFPGA/camera.gen/sources_1/bd/top/bd/sensor_inst_0/ipshared/ae90/hdl/xsdbm_v3_0_vl_rfs.v
Duplicated file found; will not be sent for synthesis: /home/test/Projects/CameraZynq/CameraFPGA/camera.gen/sources_1/bd/top/bd/sensor_inst_0/ipshared/3c0c/hdl/blk_mem_gen_v8_4_vhsyn_rfs.vhd
Duplicated file found; will not be sent for synthesis: /home/test/Projects/CameraZynq/CameraFPGA/camera.gen/sources_1/bd/top/bd/sensor_inst_0/ipshared/0e59/hdl/verilog/ila_v6_2_14_ila_ver.vh
Duplicated file found; will not be sent for synthesis: /home/test/Projects/CameraZynq/CameraFPGA/camera.gen/sources_1/bd/top/bd/sensor_inst_0/ipshared/0e59/hdl/ila_v6_2_syn_rfs.v
Duplicated file found; will not be sent for synthesis: /home/test/Projects/CameraZynq/CameraFPGA/camera.gen/sources_1/bd/top/bd/sensor_inst_0/ipshared/0e59/hdl/verilog/ila_v6_2_14_ila_in.vh
Duplicated file found; will not be sent for synthesis: /home/test/Projects/CameraZynq/CameraFPGA/camera.gen/sources_1/bd/top/bd/sensor_inst_0/ipshared/0e59/hdl/verilog/ila_v6_2_14_ila_param.vh
Duplicated file found; will not be sent for synthesis: /home/test/Projects/CameraZynq/CameraFPGA/camera.gen/sources_1/bd/top/bd/sensor_inst_0/ipshared/0e59/hdl/verilog/ila_v6_2_14_ila_lparam.vh
Duplicated file found; will not be sent for synthesis: /home/test/Projects/CameraZynq/CameraFPGA/camera.gen/sources_1/bd/top/bd/sensor_inst_0/ipshared/0e59/hdl/verilog/ila_v6_2_14_ila_lib_fn.vh
Duplicated file found; will not be sent for synthesis: /home/test/Projects/CameraZynq/CameraFPGA/camera.gen/sources_1/bd/top/bd/sensor_inst_0/ip/sensor_inst_0_ila_0_0/synth/sensor_inst_0_ila_0_0.v
Duplicated file found; will not be sent for synthesis: /home/test/Projects/CameraZynq/CameraFPGA/camera.gen/sources_1/bd/top/bd/sensor_inst_0/ip/sensor_inst_0_util_ds_buf_0_0/util_ds_buf.vhd
Duplicated file found; will not be sent for synthesis: /home/test/Projects/CameraZynq/CameraFPGA/camera.gen/sources_1/bd/top/bd/sensor_inst_0/ip/sensor_inst_0_util_ds_buf_0_0/synth/sensor_inst_0_util_ds_buf_0_0.vhd
Duplicated file found; will not be sent for synthesis: /home/test/Projects/CameraZynq/CameraFPGA/camera.gen/sources_1/bd/top/bd/sensor_inst_0/ipshared/217a/hdl/xlslice_v1_0_vl_rfs.v
Duplicated file found; will not be sent for synthesis: /home/test/Projects/CameraZynq/CameraFPGA/camera.gen/sources_1/bd/top/bd/sensor_inst_0/ip/sensor_inst_0_xlslice_0_0/synth/sensor_inst_0_xlslice_0_0.v
Duplicated file found; will not be sent for synthesis: /home/test/Projects/CameraZynq/CameraFPGA/camera.gen/sources_1/bd/top/bd/sensor_inst_0/ipshared/217a/hdl/xlslice_v1_0_vl_rfs.v
Duplicated file found; will not be sent for synthesis: /home/test/Projects/CameraZynq/CameraFPGA/camera.gen/sources_1/bd/top/bd/sensor_inst_0/ip/sensor_inst_0_xlslice_1_0/synth/sensor_inst_0_xlslice_1_0.v
Duplicated file found; will not be sent for synthesis: /home/test/Projects/CameraZynq/CameraFPGA/camera.gen/sources_1/bd/top/bd/sensor_inst_0/ip/sensor_inst_0_idelay2_wrapper_0_0/synth/sensor_inst_0_idelay2_wrapper_0_0.v
Duplicated file found; will not be sent for synthesis: /home/test/Projects/CameraZynq/CameraFPGA/camera.gen/sources_1/bd/top/bd/sensor_inst_0/ip/sensor_inst_0_util_ds_buf_1_0/util_ds_buf.vhd
Duplicated file found; will not be sent for synthesis: /home/test/Projects/CameraZynq/CameraFPGA/camera.gen/sources_1/bd/top/bd/sensor_inst_0/ip/sensor_inst_0_util_ds_buf_1_0/synth/sensor_inst_0_util_ds_buf_1_0.vhd
Duplicated file found; will not be sent for synthesis: /home/test/Projects/CameraZynq/CameraFPGA/camera.gen/sources_1/bd/top/bd/sensor_inst_0/ip/sensor_inst_0_ddr_deserialiser_0_0/synth/sensor_inst_0_ddr_deserialiser_0_0.v
Duplicated file found; will not be sent for synthesis: /home/test/Projects/CameraZynq/CameraFPGA/camera.gen/sources_1/bd/top/bd/sensor_inst_0/ip/sensor_inst_0_word_detector_0_0_1/synth/sensor_inst_0_word_detector_0_0.v
Duplicated file found; will not be sent for synthesis: /home/test/Projects/CameraZynq/CameraFPGA/camera.gen/sources_1/bd/top/bd/sensor_inst_0/ip/sensor_inst_0_decoder_0_0/synth/sensor_inst_0_decoder_0_0.v
Duplicated file found; will not be sent for synthesis: /home/test/Projects/CameraZynq/CameraFPGA/camera.gen/sources_1/bd/top/bd/sensor_inst_0/ip/sensor_inst_0_bit_aligner_0_0_1/synth/sensor_inst_0_bit_aligner_0_0.v
Duplicated file found; will not be sent for synthesis: /home/test/Projects/CameraZynq/CameraFPGA/camera.gen/sources_1/bd/top/bd/sensor_inst_0/ip/sensor_inst_0_bit_aligner_1_0/synth/sensor_inst_0_bit_aligner_1_0.v
Duplicated file found; will not be sent for synthesis: /home/test/Projects/CameraZynq/CameraFPGA/camera.gen/sources_1/bd/top/ipshared/66ea/hdl/axi_lite_ipif_v3_0_vh_rfs.vhd
Duplicated file found; will not be sent for synthesis: /home/test/Projects/CameraZynq/CameraFPGA/camera.gen/sources_1/bd/top/ipshared/ef1e/hdl/lib_cdc_v1_0_rfs.vhd
Duplicated file found; will not be sent for synthesis: /home/test/Projects/CameraZynq/CameraFPGA/camera.gen/sources_1/bd/top/ipshared/d8cc/hdl/interrupt_control_v3_1_vh_rfs.vhd
Duplicated file found; will not be sent for synthesis: /home/test/Projects/CameraZynq/CameraFPGA/camera.gen/sources_1/bd/top/ipshared/6fbe/hdl/axi_gpio_v2_0_vh_rfs.vhd
Duplicated file found; will not be sent for synthesis: /home/test/Projects/CameraZynq/CameraFPGA/camera.gen/sources_1/bd/top/ipshared/3c0c/hdl/blk_mem_gen_v8_4_vhsyn_rfs.vhd
Duplicated file found; will not be sent for synthesis: /home/test/Projects/CameraZynq/CameraFPGA/camera.gen/sources_1/bd/top/ipshared/ef1e/hdl/lib_cdc_v1_0_rfs.vhd
Duplicated file found; will not be sent for synthesis: /home/test/Projects/CameraZynq/CameraFPGA/camera.gen/sources_1/bd/top/ipshared/66ea/hdl/axi_lite_ipif_v3_0_vh_rfs.vhd
Duplicated file found; will not be sent for synthesis: /home/test/Projects/CameraZynq/CameraFPGA/camera.gen/sources_1/bd/top/ipshared/ef1e/hdl/lib_cdc_v1_0_rfs.vhd
Duplicated file found; will not be sent for synthesis: /home/test/Projects/CameraZynq/CameraFPGA/camera.gen/sources_1/bd/top/ipshared/56d9/hdl/lib_pkg_v1_0_rfs.vhd
Duplicated file found; will not be sent for synthesis: /home/test/Projects/CameraZynq/CameraFPGA/camera.gen/sources_1/bd/top/ipshared/ef1e/hdl/lib_cdc_v1_0_rfs.vhd
Duplicated file found; will not be sent for synthesis: /home/test/Projects/CameraZynq/CameraFPGA/camera.gen/sources_1/bd/top/ipshared/02c4/hdl/lib_srl_fifo_v1_0_rfs.vhd
Duplicated file found; will not be sent for synthesis: /home/test/Projects/CameraZynq/CameraFPGA/camera.gen/sources_1/bd/top/ipshared/3c0c/hdl/blk_mem_gen_v8_4_vhsyn_rfs.vhd
Duplicated file found; will not be sent for synthesis: /home/test/Projects/CameraZynq/CameraFPGA/camera.gen/sources_1/bd/top/ipshared/ac72/hdl/fifo_generator_v13_2_vhsyn_rfs.vhd
Duplicated file found; will not be sent for synthesis: /home/test/Projects/CameraZynq/CameraFPGA/camera.gen/sources_1/bd/top/ipshared/66ea/hdl/axi_lite_ipif_v3_0_vh_rfs.vhd
Duplicated file found; will not be sent for synthesis: /home/test/Projects/CameraZynq/CameraFPGA/camera.gen/sources_1/bd/top/ipshared/d8cc/hdl/interrupt_control_v3_1_vh_rfs.vhd
Duplicated file found; will not be sent for synthesis: /home/test/Projects/CameraZynq/CameraFPGA/camera.gen/sources_1/bd/top/ipshared/56d9/hdl/lib_pkg_v1_0_rfs.vhd
Duplicated file found; will not be sent for synthesis: /home/test/Projects/CameraZynq/CameraFPGA/camera.gen/sources_1/bd/top/ipshared/ef1e/hdl/lib_cdc_v1_0_rfs.vhd
Duplicated file found; will not be sent for synthesis: /home/test/Projects/CameraZynq/CameraFPGA/camera.gen/sources_1/bd/top/ipshared/02c4/hdl/lib_srl_fifo_v1_0_rfs.vhd
Duplicated file found; will not be sent for synthesis: /home/test/Projects/CameraZynq/CameraFPGA/camera.gen/sources_1/bd/top/ipshared/3c0c/hdl/blk_mem_gen_v8_4_vhsyn_rfs.vhd
Duplicated file found; will not be sent for synthesis: /home/test/Projects/CameraZynq/CameraFPGA/camera.gen/sources_1/bd/top/ipshared/ac72/hdl/fifo_generator_v13_2_vhsyn_rfs.vhd
Duplicated file found; will not be sent for synthesis: /home/test/Projects/CameraZynq/CameraFPGA/camera.gen/sources_1/bd/top/ipshared/1531/hdl/lib_fifo_v1_0_rfs.vhd
Duplicated file found; will not be sent for synthesis: /home/test/Projects/CameraZynq/CameraFPGA/camera.gen/sources_1/bd/top/ipshared/2ec6/hdl/dist_mem_gen_v8_0_vhsyn_rfs.vhd
Duplicated file found; will not be sent for synthesis: /home/test/Projects/CameraZynq/CameraFPGA/camera.gen/sources_1/bd/top/ipshared/66ea/hdl/axi_lite_ipif_v3_0_vh_rfs.vhd
Duplicated file found; will not be sent for synthesis: /home/test/Projects/CameraZynq/CameraFPGA/camera.gen/sources_1/bd/top/ipshared/d8cc/hdl/interrupt_control_v3_1_vh_rfs.vhd
Duplicated file found; will not be sent for synthesis: /home/test/Projects/CameraZynq/CameraFPGA/camera.gen/sources_1/bd/top/ipshared/98d8/hdl/axi_quad_spi_v3_2_rfs.vhd
Duplicated file found; will not be sent for synthesis: /home/test/Projects/CameraZynq/CameraFPGA/camera.gen/sources_1/bd/top/ipshared/66ea/hdl/axi_lite_ipif_v3_0_vh_rfs.vhd
Duplicated file found; will not be sent for synthesis: /home/test/Projects/CameraZynq/CameraFPGA/camera.gen/sources_1/bd/top/ipshared/56d9/hdl/lib_pkg_v1_0_rfs.vhd
Duplicated file found; will not be sent for synthesis: /home/test/Projects/CameraZynq/CameraFPGA/camera.gen/sources_1/bd/top/ipshared/02c4/hdl/lib_srl_fifo_v1_0_rfs.vhd
Duplicated file found; will not be sent for synthesis: /home/test/Projects/CameraZynq/CameraFPGA/camera.gen/sources_1/bd/top/ipshared/ef1e/hdl/lib_cdc_v1_0_rfs.vhd
Duplicated file found; will not be sent for synthesis: /home/test/Projects/CameraZynq/CameraFPGA/camera.gen/sources_1/bd/top/ipshared/df48/hdl/axi_uartlite_v2_0_vh_rfs.vhd
Duplicated file found; will not be sent for synthesis: /home/test/Projects/CameraZynq/CameraFPGA/camera.gen/sources_1/bd/top/ipshared/10ab/hdl/generic_baseblocks_v2_1_vl_rfs.v
Duplicated file found; will not be sent for synthesis: /home/test/Projects/CameraZynq/CameraFPGA/camera.gen/sources_1/bd/top/ipshared/3c0c/hdl/blk_mem_gen_v8_4_vhsyn_rfs.vhd
Duplicated file found; will not be sent for synthesis: /home/test/Projects/CameraZynq/CameraFPGA/camera.gen/sources_1/bd/top/ipshared/ac72/hdl/fifo_generator_v13_2_vhsyn_rfs.vhd
Duplicated file found; will not be sent for synthesis: /home/test/Projects/CameraZynq/CameraFPGA/camera.gen/sources_1/bd/top/ipshared/279e/hdl/axi_data_fifo_v2_1_vl_rfs.v
Duplicated file found; will not be sent for synthesis: /home/test/Projects/CameraZynq/CameraFPGA/camera.gen/sources_1/bd/top/ipshared/ec67/hdl/axi_infrastructure_v1_1_0.vh
Duplicated file found; will not be sent for synthesis: /home/test/Projects/CameraZynq/CameraFPGA/camera.gen/sources_1/bd/top/ipshared/ec67/hdl/axi_infrastructure_v1_1_vl_rfs.v
Duplicated file found; will not be sent for synthesis: /home/test/Projects/CameraZynq/CameraFPGA/camera.gen/sources_1/bd/top/ipshared/ff9f/hdl/axi_register_slice_v2_1_vl_rfs.v
CRC performance measure: elapsed=00:00:00.13s;;memory_peak=9104.316MB;;memory_gain=0.000MB
