Copyright 1986-2022 Xilinx, Inc. All Rights Reserved. Copyright 2022-2023 Advanced Micro Devices, Inc. All Rights Reserved.
---------------------------------------------------------------------------------------------------------------------------------------------
| Tool Version : Vivado v.2023.2 (lin64) Build 4029153 Fri Oct 13 20:13:54 MDT 2023
| Date         : Fri May  3 09:33:47 2024
| Host         : testserver running 64-bit Ubuntu 20.04.6 LTS
| Command      : report_utilization -file top_wrapper_utilization_synth.rpt -pb top_wrapper_utilization_synth.pb
| Design       : top_wrapper
| Device       : xc7z020clg484-2
| Speed File   : -2
| Design State : Synthesized
---------------------------------------------------------------------------------------------------------------------------------------------

Utilization Design Information

Table of Contents
-----------------
1. Slice Logic
1.1 Summary of Registers by Type
2. Memory
3. DSP
4. IO and GT Specific
5. Clocking
6. Specific Feature
7. Primitives
8. Black Boxes
9. Instantiated Netlists

1. Slice Logic
--------------

+----------------------------+-------+-------+------------+-----------+-------+
|          Site Type         |  Used | Fixed | Prohibited | Available | Util% |
+----------------------------+-------+-------+------------+-----------+-------+
| Slice LUTs*                | 13552 |     0 |          0 |     53200 | 25.47 |
|   LUT as Logic             | 12607 |     0 |          0 |     53200 | 23.70 |
|   LUT as Memory            |   945 |     0 |          0 |     17400 |  5.43 |
|     LUT as Distributed RAM |   174 |     0 |            |           |       |
|     LUT as Shift Register  |   771 |     0 |            |           |       |
| Slice Registers            | 15661 |     2 |          0 |    106400 | 14.72 |
|   Register as Flip Flop    | 15661 |     2 |          0 |    106400 | 14.72 |
|   Register as Latch        |     0 |     0 |          0 |    106400 |  0.00 |
| F7 Muxes                   |    19 |     0 |          0 |     26600 |  0.07 |
| F8 Muxes                   |     0 |     0 |          0 |     13300 |  0.00 |
+----------------------------+-------+-------+------------+-----------+-------+
* Warning! The Final LUT count, after physical optimizations and full implementation, is typically lower. Run opt_design after synthesis, if not already completed, for a more realistic count.
Warning! LUT value is adjusted to account for LUT combining.


1.1 Summary of Registers by Type
--------------------------------

+-------+--------------+-------------+--------------+
| Total | Clock Enable | Synchronous | Asynchronous |
+-------+--------------+-------------+--------------+
| 0     |            _ |           - |            - |
| 0     |            _ |           - |          Set |
| 0     |            _ |           - |        Reset |
| 0     |            _ |         Set |            - |
| 0     |            _ |       Reset |            - |
| 0     |          Yes |           - |            - |
| 69    |          Yes |           - |          Set |
| 1819  |          Yes |           - |        Reset |
| 243   |          Yes |         Set |            - |
| 13530 |          Yes |       Reset |            - |
+-------+--------------+-------------+--------------+


2. Memory
---------

+-------------------+------+-------+------------+-----------+-------+
|     Site Type     | Used | Fixed | Prohibited | Available | Util% |
+-------------------+------+-------+------------+-----------+-------+
| Block RAM Tile    |   60 |     0 |          0 |       140 | 42.86 |
|   RAMB36/FIFO*    |   58 |     0 |          0 |       140 | 41.43 |
|     RAMB36E1 only |   58 |       |            |           |       |
|   RAMB18          |    4 |     0 |          0 |       280 |  1.43 |
|     RAMB18E1 only |    4 |       |            |           |       |
+-------------------+------+-------+------------+-----------+-------+
* Note: Each Block RAM Tile only has one FIFO logic available and therefore can accommodate only one FIFO36E1 or one FIFO18E1. However, if a FIFO18E1 occupies a Block RAM Tile, that tile can still accommodate a RAMB18E1


3. DSP
------

+-----------+------+-------+------------+-----------+-------+
| Site Type | Used | Fixed | Prohibited | Available | Util% |
+-----------+------+-------+------------+-----------+-------+
| DSPs      |    0 |     0 |          0 |       220 |  0.00 |
+-----------+------+-------+------------+-----------+-------+


4. IO and GT Specific
---------------------

+-----------------------------+------+-------+------------+-----------+--------+
|          Site Type          | Used | Fixed | Prohibited | Available |  Util% |
+-----------------------------+------+-------+------------+-----------+--------+
| Bonded IOB                  |  108 |     0 |          0 |       200 |  54.00 |
| Bonded IPADs                |    0 |     0 |          0 |         2 |   0.00 |
| Bonded IOPADs               |  130 |     0 |          0 |       130 | 100.00 |
| PHY_CONTROL                 |    0 |     0 |          0 |         4 |   0.00 |
| PHASER_REF                  |    0 |     0 |          0 |         4 |   0.00 |
| OUT_FIFO                    |    0 |     0 |          0 |        16 |   0.00 |
| IN_FIFO                     |    0 |     0 |          0 |        16 |   0.00 |
| IDELAYCTRL                  |    1 |     0 |          0 |         4 |  25.00 |
| IBUFDS                      |   17 |     0 |          0 |       192 |   8.85 |
| PHASER_OUT/PHASER_OUT_PHY   |    0 |     0 |          0 |        16 |   0.00 |
| PHASER_IN/PHASER_IN_PHY     |    0 |     0 |          0 |        16 |   0.00 |
| IDELAYE2/IDELAYE2_FINEDELAY |   16 |     0 |          0 |       200 |   8.00 |
|   IDELAYE2 only             |   16 |     0 |            |           |        |
| ILOGIC                      |    0 |     0 |          0 |       200 |   0.00 |
| OLOGIC                      |    5 |     0 |          0 |       200 |   2.50 |
|   OSERDES                   |    5 |       |          0 |       200 |        |
+-----------------------------+------+-------+------------+-----------+--------+


5. Clocking
-----------

+--------------+------+-------+------------+-----------+-------+
|   Site Type  | Used | Fixed | Prohibited | Available | Util% |
+--------------+------+-------+------------+-----------+-------+
| BUFGCTRL     |   17 |     0 |          0 |        32 | 53.13 |
| BUFIO        |    2 |     0 |          0 |        16 | 12.50 |
|   BUFIO only |    2 |     0 |            |           |       |
| MMCME2_ADV   |    3 |     0 |          0 |         4 | 75.00 |
| PLLE2_ADV    |    1 |     0 |          0 |         4 | 25.00 |
| BUFMRCE      |    0 |     0 |          0 |         8 |  0.00 |
| BUFHCE       |    0 |     0 |          0 |        72 |  0.00 |
| BUFR         |    2 |     0 |          0 |        16 | 12.50 |
+--------------+------+-------+------------+-----------+-------+


6. Specific Feature
-------------------

+-------------+------+-------+------------+-----------+-------+
|  Site Type  | Used | Fixed | Prohibited | Available | Util% |
+-------------+------+-------+------------+-----------+-------+
| BSCANE2     |    0 |     0 |          0 |         4 |  0.00 |
| CAPTUREE2   |    0 |     0 |          0 |         1 |  0.00 |
| DNA_PORT    |    0 |     0 |          0 |         1 |  0.00 |
| EFUSE_USR   |    0 |     0 |          0 |         1 |  0.00 |
| FRAME_ECCE2 |    0 |     0 |          0 |         1 |  0.00 |
| ICAPE2      |    0 |     0 |          0 |         2 |  0.00 |
| STARTUPE2   |    0 |     0 |          0 |         1 |  0.00 |
| XADC        |    0 |     0 |          0 |         1 |  0.00 |
+-------------+------+-------+------------+-----------+-------+


7. Primitives
-------------

+------------+-------+----------------------+
|  Ref Name  |  Used |  Functional Category |
+------------+-------+----------------------+
| FDRE       | 13530 |         Flop & Latch |
| LUT6       |  3863 |                  LUT |
| LUT5       |  3352 |                  LUT |
| LUT1       |  2501 |                  LUT |
| LUT3       |  2191 |                  LUT |
| LUT4       |  1867 |                  LUT |
| FDCE       |  1819 |         Flop & Latch |
| LUT2       |  1349 |                  LUT |
| SRL16E     |   601 |   Distributed Memory |
| CARRY4     |   588 |           CarryLogic |
| SRLC32E    |   312 |   Distributed Memory |
| FDSE       |   243 |         Flop & Latch |
| BIBUF      |   130 |                   IO |
| RAMD64E    |   108 |   Distributed Memory |
| RAMD32     |    96 |   Distributed Memory |
| FDPE       |    69 |         Flop & Latch |
| RAMB36E1   |    58 |         Block Memory |
| OBUF       |    42 |                   IO |
| RAMS32     |    30 |   Distributed Memory |
| IBUF       |    22 |                   IO |
| MUXF7      |    19 |                MuxFx |
| IBUFDS     |    17 |                   IO |
| BUFG       |    17 |                Clock |
| IDELAYE2   |    16 |                   IO |
| OBUFDS     |    10 |                   IO |
| OBUFT      |     8 |                   IO |
| OSERDESE2  |     5 |                   IO |
| INV        |     5 |                  LUT |
| RAMB18E1   |     4 |         Block Memory |
| MMCME2_ADV |     3 |                Clock |
| SRLC16E    |     2 |   Distributed Memory |
| BUFR       |     2 |                Clock |
| BUFIO      |     2 |                Clock |
| PS7        |     1 | Specialized Resource |
| PLLE2_ADV  |     1 |                Clock |
| IDELAYCTRL |     1 |                   IO |
+------------+-------+----------------------+


8. Black Boxes
--------------

+------------+------+
|  Ref Name  | Used |
+------------+------+
| dbg_hub_CV |    1 |
+------------+------+


9. Instantiated Netlists
------------------------

+----------+------+
| Ref Name | Used |
+----------+------+


