Copyright 1986-2022 Xilinx, Inc. All Rights Reserved. Copyright 2022-2023 Advanced Micro Devices, Inc. All Rights Reserved.
-------------------------------------------------------------------------------------------------------------------------------------------------------
| Tool Version     : Vivado v.2023.2 (lin64) Build 4029153 Fri Oct 13 20:13:54 MDT 2023
| Date             : Mon May 20 17:45:36 2024
| Host             : testserver running 64-bit Ubuntu 20.04.6 LTS
| Command          : report_power -file top_wrapper_power_routed.rpt -pb top_wrapper_power_summary_routed.pb -rpx top_wrapper_power_routed.rpx
| Design           : top_wrapper
| Device           : xc7z020clg484-2
| Design State     : routed
| Grade            : commercial
| Process          : typical
| Characterization : Production
-------------------------------------------------------------------------------------------------------------------------------------------------------

Power Report

Table of Contents
-----------------
1. Summary
1.1 On-Chip Components
1.2 Power Supply Summary
1.3 Confidence Level
2. Settings
2.1 Environment
2.2 Clock Constraints
3. Detailed Reports
3.1 By Hierarchy

1. Summary
----------

+--------------------------+--------------+
| Total On-Chip Power (W)  | 2.793        |
| Design Power Budget (W)  | Unspecified* |
| Power Budget Margin (W)  | NA           |
| Dynamic (W)              | 2.607        |
| Device Static (W)        | 0.186        |
| Effective TJA (C/W)      | 11.5         |
| Max Ambient (C)          | 52.8         |
| Junction Temperature (C) | 57.2         |
| Confidence Level         | Low          |
| Setting File             | ---          |
| Simulation Activity File | ---          |
| Design Nets Matched      | NA           |
+--------------------------+--------------+
* Specify Design Power Budget using, set_operating_conditions -design_power_budget <value in Watts>


1.1 On-Chip Components
----------------------

+--------------------------+-----------+----------+-----------+-----------------+
| On-Chip                  | Power (W) | Used     | Available | Utilization (%) |
+--------------------------+-----------+----------+-----------+-----------------+
| Clocks                   |     0.104 |       23 |       --- |             --- |
| Slice Logic              |     0.025 |    37991 |       --- |             --- |
|   LUT as Logic           |     0.022 |    12059 |     53200 |           22.67 |
|   Register               |     0.002 |    18757 |    106400 |           17.63 |
|   CARRY4                 |     0.001 |      640 |     13300 |            4.81 |
|   LUT as Distributed RAM |    <0.001 |      192 |     17400 |            1.10 |
|   LUT as Shift Register  |    <0.001 |      756 |     17400 |            4.34 |
|   F7/F8 Muxes            |    <0.001 |       26 |     53200 |            0.05 |
|   Others                 |     0.000 |     1988 |       --- |             --- |
|   BUFG                   |     0.000 |        1 |        32 |            3.13 |
| Signals                  |     0.033 |    27595 |       --- |             --- |
| Block RAM                |     0.033 |     35.5 |       140 |           25.36 |
| MMCM                     |     0.321 |        3 |         4 |           75.00 |
| PLL                      |     0.095 |        1 |         4 |           25.00 |
| I/O                      |     0.643 |      108 |       200 |           54.00 |
| PS7                      |     1.354 |        1 |       --- |             --- |
| Static Power             |     0.186 |          |           |                 |
| Total                    |     2.793 |          |           |                 |
+--------------------------+-----------+----------+-----------+-----------------+


1.2 Power Supply Summary
------------------------

+-----------+-------------+-----------+-------------+------------+-------------+-------------+------------+
| Source    | Voltage (V) | Total (A) | Dynamic (A) | Static (A) | Powerup (A) | Budget (A)  | Margin (A) |
+-----------+-------------+-----------+-------------+------------+-------------+-------------+------------+
| Vccint    |       1.000 |     0.233 |       0.206 |      0.027 |       NA    | Unspecified | NA         |
| Vccaux    |       1.800 |     0.318 |       0.298 |      0.020 |       NA    | Unspecified | NA         |
| Vcco33    |       3.300 |     0.002 |       0.001 |      0.001 |       NA    | Unspecified | NA         |
| Vcco25    |       2.500 |     0.000 |       0.000 |      0.000 |       NA    | Unspecified | NA         |
| Vcco18    |       1.800 |     0.281 |       0.280 |      0.001 |       NA    | Unspecified | NA         |
| Vcco15    |       1.500 |     0.000 |       0.000 |      0.000 |       NA    | Unspecified | NA         |
| Vcco135   |       1.350 |     0.000 |       0.000 |      0.000 |       NA    | Unspecified | NA         |
| Vcco12    |       1.200 |     0.000 |       0.000 |      0.000 |       NA    | Unspecified | NA         |
| Vccaux_io |       1.800 |     0.000 |       0.000 |      0.000 |       NA    | Unspecified | NA         |
| Vccbram   |       1.000 |     0.008 |       0.003 |      0.005 |       NA    | Unspecified | NA         |
| MGTAVcc   |       1.000 |     0.000 |       0.000 |      0.000 |       NA    | Unspecified | NA         |
| MGTAVtt   |       1.200 |     0.000 |       0.000 |      0.000 |       NA    | Unspecified | NA         |
| MGTVccaux |       1.800 |     0.000 |       0.000 |      0.000 |       NA    | Unspecified | NA         |
| Vccpint   |       1.000 |     0.783 |       0.736 |      0.046 |       NA    | Unspecified | NA         |
| Vccpaux   |       1.800 |     0.037 |       0.027 |      0.010 |       NA    | Unspecified | NA         |
| Vccpll    |       1.800 |     0.017 |       0.014 |      0.003 |       NA    | Unspecified | NA         |
| Vcco_ddr  |       1.500 |     0.356 |       0.354 |      0.002 |       NA    | Unspecified | NA         |
| Vcco_mio0 |       1.800 |     0.004 |       0.003 |      0.001 |       NA    | Unspecified | NA         |
| Vcco_mio1 |       1.800 |     0.005 |       0.004 |      0.001 |       NA    | Unspecified | NA         |
| Vccadc    |       1.800 |     0.020 |       0.000 |      0.020 |       NA    | Unspecified | NA         |
+-----------+-------------+-----------+-------------+------------+-------------+-------------+------------+


1.3 Confidence Level
--------------------

+-----------------------------+------------+--------------------------------------------------------+--------------------------------------------------------------------------------------------------------------------+
| User Input Data             | Confidence | Details                                                | Action                                                                                                             |
+-----------------------------+------------+--------------------------------------------------------+--------------------------------------------------------------------------------------------------------------------+
| Design implementation state | High       | Design is routed                                       |                                                                                                                    |
| Clock nodes activity        | Medium     | More than 5% of clocks are missing user specification  | Provide missing clock activity with a constraint file, simulation results or by editing the "By Clock Domain" view |
| I/O nodes activity          | Low        | More than 75% of inputs are missing user specification | Provide missing input activity with simulation results or by editing the "By Resource Type -> I/Os" view           |
| Internal nodes activity     | Medium     | User specified less than 25% of internal nodes         | Provide missing internal nodes activity with simulation results or by editing the "By Resource Type" views         |
| Device models               | High       | Device models are Production                           |                                                                                                                    |
|                             |            |                                                        |                                                                                                                    |
| Overall confidence level    | Low        |                                                        |                                                                                                                    |
+-----------------------------+------------+--------------------------------------------------------+--------------------------------------------------------------------------------------------------------------------+


2. Settings
-----------

2.1 Environment
---------------

+-----------------------+------------------------+
| Ambient Temp (C)      | 25.0                   |
| ThetaJA (C/W)         | 11.5                   |
| Airflow (LFM)         | 250                    |
| Heat Sink             | none                   |
| ThetaSA (C/W)         | 0.0                    |
| Board Selection       | medium (10"x10")       |
| # of Board Layers     | 8to11 (8 to 11 Layers) |
| Board Temperature (C) | 25.0                   |
+-----------------------+------------------------+


2.2 Clock Constraints
---------------------

+--------------------------------------------------------------------------------------------+--------------------------------------------------------------------------------------------------------------------------------------------------------------------------------------------------------------------------------------------------------------+-----------------+
| Clock                                                                                      | Domain                                                                                                                                                                                                                                                       | Constraint (ns) |
+--------------------------------------------------------------------------------------------+--------------------------------------------------------------------------------------------------------------------------------------------------------------------------------------------------------------------------------------------------------------+-----------------+
| badc_spi_clk_peripherals_inst_0_clk_wiz_0_0                                                | top_i/peripherals_0/clk_wiz_0/inst/badc_spi_clk_peripherals_inst_0_clk_wiz_0_0                                                                                                                                                                               |           100.0 |
| clk_fpga_0                                                                                 | top_i/processing_system7_0/inst/FCLK_CLK0                                                                                                                                                                                                                    |            10.0 |
| clk_fpga_0                                                                                 | top_i/processing_system7_0/inst/FCLK_CLK_unbuffered[0]                                                                                                                                                                                                       |            10.0 |
| clk_ref_evf_inst_0_clk_wiz_0_0                                                             | top_i/evf_0/clk_wiz_0/inst/clk_ref_evf_inst_0_clk_wiz_0_0                                                                                                                                                                                                    |             5.0 |
| clkfb_i                                                                                    | top_i/evf_0/mipi_dsi_tx_subsystem_0/inst/mipi_dphy_0/inst/inst/bd_5350_mipi_dphy_0_0_tx_support_i/master_tx.bd_5350_mipi_dphy_0_0_tx_clock_module_support_i/bd_5350_mipi_dphy_0_0_clock_module_tx_i/inst/clkfb_out                                           |             5.0 |
| clkfbout_evf_inst_0_clk_wiz_0_0                                                            | top_i/evf_0/clk_wiz_0/inst/clkfbout_evf_inst_0_clk_wiz_0_0                                                                                                                                                                                                   |            10.0 |
| clkfbout_peripherals_inst_0_clk_wiz_0_0                                                    | top_i/peripherals_0/clk_wiz_0/inst/clkfbout_peripherals_inst_0_clk_wiz_0_0                                                                                                                                                                                   |            50.0 |
| clkfbout_top_clk_wiz_0_1                                                                   | top_i/clk_wiz_0/inst/clkfbout_top_clk_wiz_0_1                                                                                                                                                                                                                |            10.0 |
| dbg_hub/inst/BSCANID.u_xsdbm_id/SWITCH_N_EXT_BSCAN.bscan_inst/SERIES7_BSCAN.bscan_inst/TCK | dbg_hub/inst/BSCANID.u_xsdbm_id/SWITCH_N_EXT_BSCAN.bscan_inst/TCK                                                                                                                                                                                            |            33.0 |
| ddr_clk_p_i_0_0                                                                            | ddr_clk_p_i_0_0                                                                                                                                                                                                                                              |             4.0 |
| delay_clk_top_clk_wiz_0_1                                                                  | top_i/clk_wiz_0/inst/delay_clk_top_clk_wiz_0_1                                                                                                                                                                                                               |             5.0 |
| disp_spi_clk_peripherals_inst_0_clk_wiz_0_0                                                | top_i/peripherals_0/clk_wiz_0/inst/disp_spi_clk_peripherals_inst_0_clk_wiz_0_0                                                                                                                                                                               |           100.0 |
| div_clk_w                                                                                  | top_i/evf_0/mipi_dsi_tx_subsystem_0/inst/mipi_dphy_0/inst/inst/bd_5350_mipi_dphy_0_0_tx_support_i/master_tx.bd_5350_mipi_dphy_0_0_tx_clock_module_support_i/txbyteclkhs_out                                                                                  |            10.0 |
| eth_clk_top_clk_wiz_0_1                                                                    | top_i/clk_wiz_0/inst/eth_clk_top_clk_wiz_0_1                                                                                                                                                                                                                 |            40.0 |
| master_tx.bd_5350_mipi_dphy_0_0_tx_clock_module_support_i_n_4                              | top_i/evf_0/mipi_dsi_tx_subsystem_0/inst/mipi_dphy_0/inst/inst/bd_5350_mipi_dphy_0_0_tx_support_i/master_tx.bd_5350_mipi_dphy_0_0_tx_clock_module_support_i/oserdes_clkdiv_out                                                                               |            10.0 |
| mmcm_clk_out2_bd_5350_mipi_dphy_0_0_clock_module_tx                                        | top_i/evf_0/mipi_dsi_tx_subsystem_0/inst/mipi_dphy_0/inst/inst/bd_5350_mipi_dphy_0_0_tx_support_i/master_tx.bd_5350_mipi_dphy_0_0_tx_clock_module_support_i/bd_5350_mipi_dphy_0_0_clock_module_tx_i/inst/mmcm_clk_out2_bd_5350_mipi_dphy_0_0_clock_module_tx |            50.0 |
| sensor_clk_top_clk_wiz_0_1                                                                 | top_i/clk_wiz_0/inst/sensor_clk_top_clk_wiz_0_1                                                                                                                                                                                                              |            20.0 |
| serial_clk                                                                                 | top_i/evf_0/mipi_dsi_tx_subsystem_0/inst/mipi_dphy_0/inst/inst/bd_5350_mipi_dphy_0_0_tx_support_i/master_tx.bd_5350_mipi_dphy_0_0_tx_clock_module_support_i/bd_5350_mipi_dphy_0_0_clock_module_tx_i/inst/mmcm_clk_out0                                       |             2.5 |
| serial_clk90                                                                               | top_i/evf_0/mipi_dsi_tx_subsystem_0/inst/mipi_dphy_0/inst/inst/bd_5350_mipi_dphy_0_0_tx_support_i/master_tx.bd_5350_mipi_dphy_0_0_tx_clock_module_support_i/bd_5350_mipi_dphy_0_0_clock_module_tx_i/inst/mmcm_clk_out1                                       |             2.5 |
| usb_clk_top_clk_wiz_0_1                                                                    | top_i/clk_wiz_0/inst/usb_clk_top_clk_wiz_0_1                                                                                                                                                                                                                 |            83.3 |
+--------------------------------------------------------------------------------------------+--------------------------------------------------------------------------------------------------------------------------------------------------------------------------------------------------------------------------------------------------------------+-----------------+


3. Detailed Reports
-------------------

3.1 By Hierarchy
----------------

+-------------------------------+-----------+
| Name                          | Power (W) |
+-------------------------------+-----------+
| top_wrapper                   |     2.607 |
|   dbg_hub                     |     0.003 |
|     inst                      |     0.003 |
|       BSCANID.u_xsdbm_id      |     0.003 |
|   top_i                       |     2.594 |
|     axi_interconnect_0        |     0.002 |
|       s00_couplers            |     0.002 |
|     axi_interconnect_1        |     0.009 |
|       m02_couplers            |     0.003 |
|       xbar                    |     0.005 |
|     clk_wiz_0                 |     0.117 |
|       inst                    |     0.117 |
|     evf_0                     |     0.338 |
|       axi_clock_converter_0   |     0.002 |
|       axi_interconnect_0      |     0.004 |
|       axi_register_slice_0    |     0.001 |
|       axi_vdma_0              |     0.011 |
|       clk_wiz_0               |     0.107 |
|       mipi_dsi_tx_subsystem_0 |     0.212 |
|     peripherals_0             |     0.106 |
|       axi_interconnect_0      |     0.005 |
|       axi_quad_spi_0          |     0.001 |
|       axi_quad_spi_1          |     0.001 |
|       axi_register_slice_0    |     0.001 |
|       clk_wiz_0               |     0.095 |
|     processing_system7_0      |     1.355 |
|       inst                    |     1.355 |
|     sensor_0                  |     0.668 |
|       gmax0505_streamer_0     |     0.613 |
|       ila_0                   |     0.007 |
|       ila_1                   |     0.039 |
|       ila_2                   |     0.007 |
+-------------------------------+-----------+


