Copyright 1986-2022 Xilinx, Inc. All Rights Reserved. Copyright 2022-2023 Advanced Micro Devices, Inc. All Rights Reserved.
---------------------------------------------------------------------------------------------------------------------------------------------
| Tool Version : Vivado v.2023.2 (lin64) Build 4029153 Fri Oct 13 20:13:54 MDT 2023
| Date         : Mon Apr 22 19:01:45 2024
| Host         : testserver running 64-bit Ubuntu 20.04.6 LTS
| Command      : report_drc -file top_wrapper_drc_opted.rpt -pb top_wrapper_drc_opted.pb -rpx top_wrapper_drc_opted.rpx
| Design       : top_wrapper
| Device       : xc7z020clg484-2
| Speed File   : -2
| Design State : Synthesized
---------------------------------------------------------------------------------------------------------------------------------------------

Report DRC

Table of Contents
-----------------
1. REPORT SUMMARY
2. REPORT DETAILS

1. REPORT SUMMARY
-----------------
            Netlist: netlist
          Floorplan: design_1
      Design limits: <entire design considered>
           Ruledeck: default
             Max violations: <unlimited>
             Violations found: 11
+----------+----------+------------------------------------------------+------------+
| Rule     | Severity | Description                                    | Violations |
+----------+----------+------------------------------------------------+------------+
| PLIO-3   | Warning  | Placement Constraints Check for IO constraints | 1          |
| REQP-104 | Warning  | enum_DATA_RATE_DDR_connects_Q1_Q6              | 10         |
+----------+----------+------------------------------------------------+------------+

2. REPORT DETAILS
-----------------
PLIO-3#1 Warning
Placement Constraints Check for IO constraints  
Partially locked IO Bus is found. Following components of the IO Bus sen_data_n[15:0] are not locked:  sen_data_n[15]
Related violations: <none>

REQP-104#1 Warning
enum_DATA_RATE_DDR_connects_Q1_Q6  
top_i/sensor_bd_0/selectio_wiz_0/inst/pins[0].iserdese2_master: At least one of the Q1-Q6 output pins is required for DATA_RATE set DDR.
Related violations: <none>

REQP-104#2 Warning
enum_DATA_RATE_DDR_connects_Q1_Q6  
top_i/sensor_bd_0/selectio_wiz_0/inst/pins[1].iserdese2_master: At least one of the Q1-Q6 output pins is required for DATA_RATE set DDR.
Related violations: <none>

REQP-104#3 Warning
enum_DATA_RATE_DDR_connects_Q1_Q6  
top_i/sensor_bd_0/selectio_wiz_0/inst/pins[2].iserdese2_master: At least one of the Q1-Q6 output pins is required for DATA_RATE set DDR.
Related violations: <none>

REQP-104#4 Warning
enum_DATA_RATE_DDR_connects_Q1_Q6  
top_i/sensor_bd_0/selectio_wiz_0/inst/pins[3].iserdese2_master: At least one of the Q1-Q6 output pins is required for DATA_RATE set DDR.
Related violations: <none>

REQP-104#5 Warning
enum_DATA_RATE_DDR_connects_Q1_Q6  
top_i/sensor_bd_0/selectio_wiz_0/inst/pins[4].iserdese2_master: At least one of the Q1-Q6 output pins is required for DATA_RATE set DDR.
Related violations: <none>

REQP-104#6 Warning
enum_DATA_RATE_DDR_connects_Q1_Q6  
top_i/sensor_bd_0/selectio_wiz_0/inst/pins[5].iserdese2_master: At least one of the Q1-Q6 output pins is required for DATA_RATE set DDR.
Related violations: <none>

REQP-104#7 Warning
enum_DATA_RATE_DDR_connects_Q1_Q6  
top_i/sensor_bd_0/selectio_wiz_0/inst/pins[6].iserdese2_master: At least one of the Q1-Q6 output pins is required for DATA_RATE set DDR.
Related violations: <none>

REQP-104#8 Warning
enum_DATA_RATE_DDR_connects_Q1_Q6  
top_i/sensor_bd_0/selectio_wiz_0/inst/pins[7].iserdese2_master: At least one of the Q1-Q6 output pins is required for DATA_RATE set DDR.
Related violations: <none>

REQP-104#9 Warning
enum_DATA_RATE_DDR_connects_Q1_Q6  
top_i/sensor_bd_0/selectio_wiz_0/inst/pins[8].iserdese2_master: At least one of the Q1-Q6 output pins is required for DATA_RATE set DDR.
Related violations: <none>

REQP-104#10 Warning
enum_DATA_RATE_DDR_connects_Q1_Q6  
top_i/sensor_bd_0/selectio_wiz_0/inst/pins[9].iserdese2_master: At least one of the Q1-Q6 output pins is required for DATA_RATE set DDR.
Related violations: <none>


