Copyright 1986-2022 Xilinx, Inc. All Rights Reserved. Copyright 2022-2024 Advanced Micro Devices, Inc. All Rights Reserved.
---------------------------------------------------------------------------------------------------------------------------------------------
| Tool Version : Vivado v.2024.1 (lin64) Build 5076996 Wed May 22 18:36:09 MDT 2024
| Date         : Sat Oct  5 10:10:15 2024
| Host         : george-MacBookPro running 64-bit Ubuntu 22.04.5 LTS
| Command      : report_drc -file top_wrapper_drc_opted.rpt -pb top_wrapper_drc_opted.pb -rpx top_wrapper_drc_opted.rpx
| Design       : top_wrapper
| Device       : xc7z020clg484-2
| Speed File   : -2
| Design State : Synthesized
---------------------------------------------------------------------------------------------------------------------------------------------

Report DRC

Table of Contents
-----------------
1. REPORT SUMMARY
2. REPORT DETAILS

1. REPORT SUMMARY
-----------------
            Netlist: netlist
          Floorplan: design_1
      Design limits: <entire design considered>
           Ruledeck: default
             Max violations: <unlimited>
             Violations found: 6
+-------------+----------+---------------------------------+------------+
| Rule        | Severity | Description                     | Violations |
+-------------+----------+---------------------------------+------------+
| BUFC-1      | Warning  | Input Buffer Connections        | 5          |
| PLBUFGOPT-1 | Warning  | Non-Optimal connections to BUFG | 1          |
+-------------+----------+---------------------------------+------------+

2. REPORT DETAILS
-----------------
BUFC-1#1 Warning
Input Buffer Connections  
Input buffer badc_spi_0_sck_iobuf/IBUF (in badc_spi_0_sck_iobuf macro) has no loads. It is recommended to have an input buffer drive an internal load.
Related violations: <none>

BUFC-1#2 Warning
Input Buffer Connections  
Input buffer badc_spi_0_ss_iobuf_0/IBUF (in badc_spi_0_ss_iobuf_0 macro) has no loads. It is recommended to have an input buffer drive an internal load.
Related violations: <none>

BUFC-1#3 Warning
Input Buffer Connections  
Input buffer disp_spi_0_io0_iobuf/IBUF (in disp_spi_0_io0_iobuf macro) has no loads. It is recommended to have an input buffer drive an internal load.
Related violations: <none>

BUFC-1#4 Warning
Input Buffer Connections  
Input buffer disp_spi_0_sck_iobuf/IBUF (in disp_spi_0_sck_iobuf macro) has no loads. It is recommended to have an input buffer drive an internal load.
Related violations: <none>

BUFC-1#5 Warning
Input Buffer Connections  
Input buffer disp_spi_0_ss_iobuf_0/IBUF (in disp_spi_0_ss_iobuf_0 macro) has no loads. It is recommended to have an input buffer drive an internal load.
Related violations: <none>

PLBUFGOPT-1#1 Warning
Non-Optimal connections to BUFG  
A non-muxed BUFG top_i/peripherals_0/clk_wiz_0/inst/clkin1_bufg is driven by another global buffer top_i/processing_system7_0/inst/buffer_fclk_clk_0.FCLK_CLK_0_BUFG. Remove non-muxed BUFG if it is not desired
Related violations: <none>


