Copyright 1986-2022 Xilinx, Inc. All Rights Reserved. Copyright 2022-2024 Advanced Micro Devices, Inc. All Rights Reserved.
---------------------------------------------------------------------------------------------------------------------------------------------
| Tool Version : Vivado v.2024.1 (lin64) Build 5076996 Wed May 22 18:36:09 MDT 2024
| Date         : Sat Oct  5 10:12:11 2024
| Host         : george-MacBookPro running 64-bit Ubuntu 22.04.5 LTS
| Command      : report_clock_utilization -file top_wrapper_clock_utilization_routed.rpt
| Design       : top_wrapper
| Device       : 7z020-clg484
| Speed File   : -2  PRODUCTION 1.12 2019-11-22
| Design State : Routed
---------------------------------------------------------------------------------------------------------------------------------------------

Clock Utilization Report

Table of Contents
-----------------
1. Clock Primitive Utilization
2. Global Clock Resources
3. Global Clock Source Details
4. Clock Regions: Key Resource Utilization
5. Clock Regions : Global Clock Summary
6. Device Cell Placement Summary for Global Clock g0
7. Device Cell Placement Summary for Global Clock g1
8. Device Cell Placement Summary for Global Clock g2
9. Device Cell Placement Summary for Global Clock g3
10. Device Cell Placement Summary for Global Clock g4
11. Device Cell Placement Summary for Global Clock g5
12. Device Cell Placement Summary for Global Clock g6
13. Device Cell Placement Summary for Global Clock g7
14. Device Cell Placement Summary for Global Clock g8
15. Device Cell Placement Summary for Global Clock g9
16. Device Cell Placement Summary for Global Clock g10
17. Device Cell Placement Summary for Global Clock g11
18. Device Cell Placement Summary for Global Clock g12
19. Clock Region Cell Placement per Global Clock: Region X0Y0
20. Clock Region Cell Placement per Global Clock: Region X0Y1
21. Clock Region Cell Placement per Global Clock: Region X1Y1
22. Clock Region Cell Placement per Global Clock: Region X0Y2
23. Clock Region Cell Placement per Global Clock: Region X1Y2

1. Clock Primitive Utilization
------------------------------

+----------+------+-----------+-----+--------------+--------+
| Type     | Used | Available | LOC | Clock Region | Pblock |
+----------+------+-----------+-----+--------------+--------+
| BUFGCTRL |   13 |        32 |   0 |            0 |      0 |
| BUFH     |    0 |        72 |   0 |            0 |      0 |
| BUFIO    |    0 |        16 |   0 |            0 |      0 |
| BUFMR    |    0 |         8 |   0 |            0 |      0 |
| BUFR     |    0 |        16 |   0 |            0 |      0 |
| MMCM     |    2 |         4 |   0 |            0 |      0 |
| PLL      |    1 |         4 |   0 |            0 |      0 |
+----------+------+-----------+-----+--------------+--------+


2. Global Clock Resources
-------------------------

+-----------+-----------+-----------------+------------+----------------+--------------+-------------------+-------------+-----------------+--------------+---------------------------------------------+---------------------------------------------------------------------+--------------------------------------------------------------------------------+
| Global Id | Source Id | Driver Type/Pin | Constraint | Site           | Clock Region | Load Clock Region | Clock Loads | Non-Clock Loads | Clock Period | Clock                                       | Driver Pin                                                          | Net                                                                            |
+-----------+-----------+-----------------+------------+----------------+--------------+-------------------+-------------+-----------------+--------------+---------------------------------------------+---------------------------------------------------------------------+--------------------------------------------------------------------------------+
| g0        | src0      | BUFG/O          | None       | BUFGCTRL_X0Y31 | n/a          |                 6 |        3504 |               1 |       10.000 | clk_fpga_0                                  | top_i/processing_system7_0/inst/buffer_fclk_clk_0.FCLK_CLK_0_BUFG/O | top_i/processing_system7_0/inst/FCLK_CLK0                                      |
| g1        | src1      | BUFG/O          | None       | BUFGCTRL_X0Y28 | n/a          |                 3 |        1065 |               0 |       24.000 | par_clk_sensor_inst_0_clk_wiz_0_0           | top_i/sensor_0/clk_wiz_0/inst/clkout1_buf/O                         | top_i/sensor_0/clk_wiz_0/inst/par_clk                                          |
| g2        | src2      | BUFG/O          | None       | BUFGCTRL_X0Y27 | n/a          |                 3 |         352 |               0 |        4.000 | ser_clk_sensor_inst_0_clk_wiz_0_0           | top_i/sensor_0/clk_wiz_0/inst/clkout2_buf/O                         | top_i/sensor_0/clk_wiz_0/inst/ser_clk                                          |
| g3        | src3      | BUFG/O          | None       | BUFGCTRL_X0Y24 | n/a          |                 3 |         265 |               0 |      100.000 | disp_spi_clk_peripherals_inst_1_clk_wiz_0_0 | top_i/peripherals_0/clk_wiz_0/inst/clkout2_buf/O                    | top_i/peripherals_0/clk_wiz_0/inst/disp_spi_clk                                |
| g4        | src4      | BUFG/O          | None       | BUFGCTRL_X0Y25 | n/a          |                 1 |         222 |               0 |      100.000 | badc_spi_clk_peripherals_inst_1_clk_wiz_0_0 | top_i/peripherals_0/clk_wiz_0/inst/clkout1_buf/O                    | top_i/peripherals_0/clk_wiz_0/inst/badc_spi_clk                                |
| g5        | src5      | BUFG/O          | None       | BUFGCTRL_X0Y0  | n/a          |                 1 |           1 |               0 |       10.000 | clkfbout_top_clk_wiz_0_1_1                  | top_i/clk_wiz_0/inst/clkf_buf/O                                     | top_i/clk_wiz_0/inst/clkfbout_buf_top_clk_wiz_0_1                              |
| g6        | src6      | BUFG/O          | None       | BUFGCTRL_X0Y1  | n/a          |                 1 |           1 |               0 |        5.000 | delay_clk_top_clk_wiz_0_1_1                 | top_i/clk_wiz_0/inst/clkout1_buf/O                                  | top_i/clk_wiz_0/inst/delay_clk                                                 |
| g7        | src0      | BUFG/O          | None       | BUFGCTRL_X0Y30 | n/a          |                 1 |           1 |               0 |       10.000 | clk_fpga_0                                  | top_i/peripherals_0/clk_wiz_0/inst/clkin1_bufg/O                    | top_i/peripherals_0/clk_wiz_0/inst/clk_in1_peripherals_inst_1_clk_wiz_0_0      |
| g8        | src7      | BUFG/O          | None       | BUFGCTRL_X0Y26 | n/a          |                 1 |           1 |               0 |       50.000 | clkfbout_peripherals_inst_1_clk_wiz_0_0     | top_i/peripherals_0/clk_wiz_0/inst/clkf_buf/O                       | top_i/peripherals_0/clk_wiz_0/inst/clkfbout_buf_peripherals_inst_1_clk_wiz_0_0 |
| g9        | src8      | BUFG/O          | None       | BUFGCTRL_X0Y29 | n/a          |                 1 |           1 |               0 |        4.000 | clkfbout_sensor_inst_0_clk_wiz_0_0          | top_i/sensor_0/clk_wiz_0/inst/clkf_buf/O                            | top_i/sensor_0/clk_wiz_0/inst/clkfbout_buf_sensor_inst_0_clk_wiz_0_0           |
| g10       | src9      | BUFG/O          | None       | BUFGCTRL_X0Y4  | n/a          |                 1 |           0 |               1 |       40.000 | eth_clk_top_clk_wiz_0_1_1                   | top_i/clk_wiz_0/inst/clkout4_buf/O                                  | top_i/clk_wiz_0/inst/eth_clk                                                   |
| g11       | src10     | BUFG/O          | None       | BUFGCTRL_X0Y2  | n/a          |                 1 |           0 |               1 |       20.000 | sensor_clk_top_clk_wiz_0_1_1                | top_i/clk_wiz_0/inst/clkout2_buf/O                                  | top_i/clk_wiz_0/inst/sensor_clk                                                |
| g12       | src11     | BUFG/O          | None       | BUFGCTRL_X0Y3  | n/a          |                 1 |           0 |               1 |       83.333 | usb_clk_top_clk_wiz_0_1_1                   | top_i/clk_wiz_0/inst/clkout3_buf/O                                  | top_i/clk_wiz_0/inst/usb_clk                                                   |
+-----------+-----------+-----------------+------------+----------------+--------------+-------------------+-------------+-----------------+--------------+---------------------------------------------+---------------------------------------------------------------------+--------------------------------------------------------------------------------+
* Clock Loads column represents cell count of net connects that connect to a clock pin. Internal cell leaf pins are not considered
** Non-Clock Loads column represents cell count of non-clock pin loads


3. Global Clock Source Details
------------------------------

+-----------+-----------+---------------------+------------+-----------------+--------------+-------------+-----------------+---------------------+---------------------------------------------+---------------------------------------------------------------------+--------------------------------------------------------------------------------+
| Source Id | Global Id | Driver Type/Pin     | Constraint | Site            | Clock Region | Clock Loads | Non-Clock Loads | Source Clock Period | Source Clock                                | Driver Pin                                                          | Net                                                                            |
+-----------+-----------+---------------------+------------+-----------------+--------------+-------------+-----------------+---------------------+---------------------------------------------+---------------------------------------------------------------------+--------------------------------------------------------------------------------+
| src0      | g0        | PS7/FCLKCLK[0]      | PS7_X0Y0   | PS7_X0Y0        | X0Y2         |           1 |               0 |              10.000 | clk_fpga_0                                  | top_i/processing_system7_0/inst/PS7_i/FCLKCLK[0]                    | top_i/processing_system7_0/inst/FCLK_CLK_unbuffered[0]                         |
| src0      | g7        | BUFG/O              | None       | BUFGCTRL_X0Y31  | n/a          |        3514 |               0 |              10.000 | clk_fpga_0                                  | top_i/processing_system7_0/inst/buffer_fclk_clk_0.FCLK_CLK_0_BUFG/O | top_i/processing_system7_0/inst/FCLK_CLK0                                      |
| src1      | g1        | MMCME2_ADV/CLKOUT0  | None       | MMCME2_ADV_X1Y1 | X1Y1         |           1 |               0 |              24.000 | par_clk_sensor_inst_0_clk_wiz_0_0           | top_i/sensor_0/clk_wiz_0/inst/mmcm_adv_inst/CLKOUT0                 | top_i/sensor_0/clk_wiz_0/inst/par_clk_sensor_inst_0_clk_wiz_0_0                |
| src2      | g2        | MMCME2_ADV/CLKOUT1  | None       | MMCME2_ADV_X1Y1 | X1Y1         |           1 |               0 |               4.000 | ser_clk_sensor_inst_0_clk_wiz_0_0           | top_i/sensor_0/clk_wiz_0/inst/mmcm_adv_inst/CLKOUT1                 | top_i/sensor_0/clk_wiz_0/inst/ser_clk_sensor_inst_0_clk_wiz_0_0                |
| src3      | g3        | PLLE2_ADV/CLKOUT1   | None       | PLLE2_ADV_X1Y2  | X1Y2         |           1 |               0 |             100.000 | disp_spi_clk_peripherals_inst_1_clk_wiz_0_0 | top_i/peripherals_0/clk_wiz_0/inst/plle2_adv_inst/CLKOUT1           | top_i/peripherals_0/clk_wiz_0/inst/disp_spi_clk_peripherals_inst_1_clk_wiz_0_0 |
| src4      | g4        | PLLE2_ADV/CLKOUT0   | None       | PLLE2_ADV_X1Y2  | X1Y2         |           1 |               0 |             100.000 | badc_spi_clk_peripherals_inst_1_clk_wiz_0_0 | top_i/peripherals_0/clk_wiz_0/inst/plle2_adv_inst/CLKOUT0           | top_i/peripherals_0/clk_wiz_0/inst/badc_spi_clk_peripherals_inst_1_clk_wiz_0_0 |
| src5      | g5        | MMCME2_ADV/CLKFBOUT | None       | MMCME2_ADV_X0Y0 | X0Y0         |           1 |               0 |              10.000 | clkfbout_top_clk_wiz_0_1_1                  | top_i/clk_wiz_0/inst/mmcm_adv_inst/CLKFBOUT                         | top_i/clk_wiz_0/inst/clkfbout_top_clk_wiz_0_1                                  |
| src6      | g6        | MMCME2_ADV/CLKOUT0  | None       | MMCME2_ADV_X0Y0 | X0Y0         |           1 |               0 |               5.000 | delay_clk_top_clk_wiz_0_1_1                 | top_i/clk_wiz_0/inst/mmcm_adv_inst/CLKOUT0                          | top_i/clk_wiz_0/inst/delay_clk_top_clk_wiz_0_1                                 |
| src7      | g8        | PLLE2_ADV/CLKFBOUT  | None       | PLLE2_ADV_X1Y2  | X1Y2         |           1 |               0 |              50.000 | clkfbout_peripherals_inst_1_clk_wiz_0_0     | top_i/peripherals_0/clk_wiz_0/inst/plle2_adv_inst/CLKFBOUT          | top_i/peripherals_0/clk_wiz_0/inst/clkfbout_peripherals_inst_1_clk_wiz_0_0     |
| src8      | g9        | MMCME2_ADV/CLKFBOUT | None       | MMCME2_ADV_X1Y1 | X1Y1         |           1 |               0 |               4.000 | clkfbout_sensor_inst_0_clk_wiz_0_0          | top_i/sensor_0/clk_wiz_0/inst/mmcm_adv_inst/CLKFBOUT                | top_i/sensor_0/clk_wiz_0/inst/clkfbout_sensor_inst_0_clk_wiz_0_0               |
| src9      | g10       | MMCME2_ADV/CLKOUT3  | None       | MMCME2_ADV_X0Y0 | X0Y0         |           1 |               0 |              40.000 | eth_clk_top_clk_wiz_0_1_1                   | top_i/clk_wiz_0/inst/mmcm_adv_inst/CLKOUT3                          | top_i/clk_wiz_0/inst/eth_clk_top_clk_wiz_0_1                                   |
| src10     | g11       | MMCME2_ADV/CLKOUT1  | None       | MMCME2_ADV_X0Y0 | X0Y0         |           1 |               0 |              20.000 | sensor_clk_top_clk_wiz_0_1_1                | top_i/clk_wiz_0/inst/mmcm_adv_inst/CLKOUT1                          | top_i/clk_wiz_0/inst/sensor_clk_top_clk_wiz_0_1                                |
| src11     | g12       | MMCME2_ADV/CLKOUT2  | None       | MMCME2_ADV_X0Y0 | X0Y0         |           1 |               0 |              83.333 | usb_clk_top_clk_wiz_0_1_1                   | top_i/clk_wiz_0/inst/mmcm_adv_inst/CLKOUT2                          | top_i/clk_wiz_0/inst/usb_clk_top_clk_wiz_0_1                                   |
+-----------+-----------+---------------------+------------+-----------------+--------------+-------------+-----------------+---------------------+---------------------------------------------+---------------------------------------------------------------------+--------------------------------------------------------------------------------+
* Clock Loads column represents cell count of net connects that connect to a clock pin. Internal cell leaf pins are not considered
** Non-Clock Loads column represents cell count of non-clock pin loads


4. Clock Regions: Key Resource Utilization
------------------------------------------

+-------------------+--------------+--------------+--------------+--------------+--------------+--------------+--------------+--------------+--------------+--------------+--------------+--------------+--------------+--------------+--------------+
|                   | Global Clock |     BUFRs    |    BUFMRs    |    BUFIOs    |     MMCM     |      PLL     |      GT      |      PCI     |    ILOGIC    |    OLOGIC    |      FF      |     LUTM     |    RAMB18    |    RAMB36    |    DSP48E2   |
+-------------------+------+-------+------+-------+------+-------+------+-------+------+-------+------+-------+------+-------+------+-------+------+-------+------+-------+------+-------+------+-------+------+-------+------+-------+------+-------+
| Clock Region Name | Used | Avail | Used | Avail | Used | Avail | Used | Avail | Used | Avail | Used | Avail | Used | Avail | Used | Avail | Used | Avail | Used | Avail | Used | Avail | Used | Avail | Used | Avail | Used | Avail | Used | Avail |
+-------------------+------+-------+------+-------+------+-------+------+-------+------+-------+------+-------+------+-------+------+-------+------+-------+------+-------+------+-------+------+-------+------+-------+------+-------+------+-------+
| X0Y0              |    2 |    12 |    0 |     4 |    0 |     2 |    0 |     4 |    1 |     1 |    0 |     1 |    0 |     0 |    0 |     0 |    0 |    50 |    0 |    50 |    0 |  2500 |    0 |  1000 |    0 |    60 |    0 |    30 |    0 |    60 |
| X1Y0              |    0 |    12 |    0 |     4 |    0 |     2 |    0 |     4 |    0 |     1 |    0 |     1 |    0 |     0 |    0 |     0 |    0 |    50 |    0 |    50 |    0 |  3200 |    0 |   850 |    0 |    60 |    0 |    30 |    0 |    40 |
| X0Y1              |    4 |    12 |    0 |     0 |    0 |     0 |    0 |     0 |    0 |     0 |    0 |     0 |    0 |     0 |    0 |     0 |    0 |     0 |    0 |     0 | 2131 |  1200 |  823 |   400 |    0 |    20 |    0 |    10 |    0 |    20 |
| X1Y1              |    5 |    12 |    0 |     4 |    0 |     2 |    0 |     4 |    1 |     1 |    0 |     1 |    0 |     0 |    0 |     0 |    2 |    50 |    1 |    50 | 1377 |  2600 |  403 |   850 |    0 |    60 |    0 |    30 |    0 |    40 |
| X0Y2              |    3 |    12 |    0 |     0 |    0 |     0 |    0 |     0 |    0 |     0 |    0 |     0 |    0 |     0 |    0 |     0 |    0 |     0 |    0 |     0 | 1492 |  1200 |  559 |   400 |    0 |    20 |    0 |    10 |    0 |    20 |
| X1Y2              |    9 |    12 |    0 |     4 |    0 |     2 |    0 |     4 |    0 |     1 |    1 |     1 |    0 |     0 |    0 |     0 |    1 |    50 |    1 |    50 |  215 |  2600 |   70 |   850 |    0 |    60 |    0 |    30 |    0 |    40 |
+-------------------+------+-------+------+-------+------+-------+------+-------+------+-------+------+-------+------+-------+------+-------+------+-------+------+-------+------+-------+------+-------+------+-------+------+-------+------+-------+
* Global Clock column represents track count; while other columns represents cell counts


5. Clock Regions : Global Clock Summary
---------------------------------------

All Modules
+----+----+----+
|    | X0 | X1 |
+----+----+----+
| Y2 |  0 |  0 |
| Y1 |  0 |  0 |
| Y0 |  0 |  0 |
+----+----+----+


6. Device Cell Placement Summary for Global Clock g0
----------------------------------------------------

+-----------+-----------------+-------------------+------------+-------------+---------------+-------------+----------+----------------+----------+-------------------------------------------+
| Global Id | Driver Type/Pin | Driver Region (D) | Clock      | Period (ns) | Waveform (ns) | Slice Loads | IO Loads | Clocking Loads | GT Loads | Net                                       |
+-----------+-----------------+-------------------+------------+-------------+---------------+-------------+----------+----------------+----------+-------------------------------------------+
| g0        | BUFG/O          | n/a               | clk_fpga_0 |      10.000 | {0.000 5.000} |        3500 |        0 |              2 |        0 | top_i/processing_system7_0/inst/FCLK_CLK0 |
+-----------+-----------------+-------------------+------------+-------------+---------------+-------------+----------+----------------+----------+-------------------------------------------+
* Slice Loads column represents load cell count of all cell types other than IO, GT and clock resources
** IO Loads column represents load cell count of IO types
*** Clocking Loads column represents load cell count that are clock resources (global clock buffer, MMCM, PLL, etc)
**** GT Loads column represents load cell count of GT types


+----+-------+-------+-----------------------+
|    | X0    | X1    | HORIZONTAL PROG DELAY |
+----+-------+-------+-----------------------+
| Y2 |   160 |   176 |                     0 |
| Y1 |  2098 |  1066 |                     0 |
| Y0 |     1 |     0 |                     0 |
+----+-------+-------+-----------------------+


7. Device Cell Placement Summary for Global Clock g1
----------------------------------------------------

+-----------+-----------------+-------------------+-----------------------------------+-------------+----------------+-------------+----------+----------------+----------+---------------------------------------+
| Global Id | Driver Type/Pin | Driver Region (D) | Clock                             | Period (ns) | Waveform (ns)  | Slice Loads | IO Loads | Clocking Loads | GT Loads | Net                                   |
+-----------+-----------------+-------------------+-----------------------------------+-------------+----------------+-------------+----------+----------------+----------+---------------------------------------+
| g1        | BUFG/O          | n/a               | par_clk_sensor_inst_0_clk_wiz_0_0 |      24.000 | {0.000 12.000} |        1065 |        0 |              0 |        0 | top_i/sensor_0/clk_wiz_0/inst/par_clk |
+-----------+-----------------+-------------------+-----------------------------------+-------------+----------------+-------------+----------+----------------+----------+---------------------------------------+
* Slice Loads column represents load cell count of all cell types other than IO, GT and clock resources
** IO Loads column represents load cell count of IO types
*** Clocking Loads column represents load cell count that are clock resources (global clock buffer, MMCM, PLL, etc)
**** GT Loads column represents load cell count of GT types


+----+-------+-----+-----------------------+
|    | X0    | X1  | HORIZONTAL PROG DELAY |
+----+-------+-----+-----------------------+
| Y2 |  1025 |  28 |                     0 |
| Y1 |    12 |   0 |                     0 |
| Y0 |     0 |   0 |                     - |
+----+-------+-----+-----------------------+


8. Device Cell Placement Summary for Global Clock g2
----------------------------------------------------

+-----------+-----------------+-------------------+-----------------------------------+-------------+---------------+-------------+----------+----------------+----------+---------------------------------------+
| Global Id | Driver Type/Pin | Driver Region (D) | Clock                             | Period (ns) | Waveform (ns) | Slice Loads | IO Loads | Clocking Loads | GT Loads | Net                                   |
+-----------+-----------------+-------------------+-----------------------------------+-------------+---------------+-------------+----------+----------------+----------+---------------------------------------+
| g2        | BUFG/O          | n/a               | ser_clk_sensor_inst_0_clk_wiz_0_0 |       4.000 | {0.000 2.000} |         352 |        0 |              0 |        0 | top_i/sensor_0/clk_wiz_0/inst/ser_clk |
+-----------+-----------------+-------------------+-----------------------------------+-------------+---------------+-------------+----------+----------------+----------+---------------------------------------+
* Slice Loads column represents load cell count of all cell types other than IO, GT and clock resources
** IO Loads column represents load cell count of IO types
*** Clocking Loads column represents load cell count that are clock resources (global clock buffer, MMCM, PLL, etc)
**** GT Loads column represents load cell count of GT types


+----+------+-----+-----------------------+
|    | X0   | X1  | HORIZONTAL PROG DELAY |
+----+------+-----+-----------------------+
| Y2 |  321 |  28 |                     0 |
| Y1 |    3 |   0 |                     0 |
| Y0 |    0 |   0 |                     - |
+----+------+-----+-----------------------+


9. Device Cell Placement Summary for Global Clock g3
----------------------------------------------------

+-----------+-----------------+-------------------+---------------------------------------------+-------------+----------------+-------------+----------+----------------+----------+-------------------------------------------------+
| Global Id | Driver Type/Pin | Driver Region (D) | Clock                                       | Period (ns) | Waveform (ns)  | Slice Loads | IO Loads | Clocking Loads | GT Loads | Net                                             |
+-----------+-----------------+-------------------+---------------------------------------------+-------------+----------------+-------------+----------+----------------+----------+-------------------------------------------------+
| g3        | BUFG/O          | n/a               | disp_spi_clk_peripherals_inst_1_clk_wiz_0_0 |     100.000 | {0.000 50.000} |         265 |        0 |              0 |        0 | top_i/peripherals_0/clk_wiz_0/inst/disp_spi_clk |
+-----------+-----------------+-------------------+---------------------------------------------+-------------+----------------+-------------+----------+----------------+----------+-------------------------------------------------+
* Slice Loads column represents load cell count of all cell types other than IO, GT and clock resources
** IO Loads column represents load cell count of IO types
*** Clocking Loads column represents load cell count that are clock resources (global clock buffer, MMCM, PLL, etc)
**** GT Loads column represents load cell count of GT types


+----+------+------+-----------------------+
|    | X0   | X1   | HORIZONTAL PROG DELAY |
+----+------+------+-----------------------+
| Y2 |    0 |    3 |                     0 |
| Y1 |  124 |  138 |                     0 |
| Y0 |    0 |    0 |                     - |
+----+------+------+-----------------------+


10. Device Cell Placement Summary for Global Clock g4
-----------------------------------------------------

+-----------+-----------------+-------------------+---------------------------------------------+-------------+----------------+-------------+----------+----------------+----------+-------------------------------------------------+
| Global Id | Driver Type/Pin | Driver Region (D) | Clock                                       | Period (ns) | Waveform (ns)  | Slice Loads | IO Loads | Clocking Loads | GT Loads | Net                                             |
+-----------+-----------------+-------------------+---------------------------------------------+-------------+----------------+-------------+----------+----------------+----------+-------------------------------------------------+
| g4        | BUFG/O          | n/a               | badc_spi_clk_peripherals_inst_1_clk_wiz_0_0 |     100.000 | {0.000 50.000} |         219 |        0 |              0 |        0 | top_i/peripherals_0/clk_wiz_0/inst/badc_spi_clk |
+-----------+-----------------+-------------------+---------------------------------------------+-------------+----------------+-------------+----------+----------------+----------+-------------------------------------------------+
* Slice Loads column represents load cell count of all cell types other than IO, GT and clock resources
** IO Loads column represents load cell count of IO types
*** Clocking Loads column represents load cell count that are clock resources (global clock buffer, MMCM, PLL, etc)
**** GT Loads column represents load cell count of GT types


+----+----+------+-----------------------+
|    | X0 | X1   | HORIZONTAL PROG DELAY |
+----+----+------+-----------------------+
| Y2 |  0 |    0 |                     - |
| Y1 |  0 |  219 |                     0 |
| Y0 |  0 |    0 |                     - |
+----+----+------+-----------------------+


11. Device Cell Placement Summary for Global Clock g5
-----------------------------------------------------

+-----------+-----------------+-------------------+----------------------------+-------------+---------------+-------------+----------+----------------+----------+---------------------------------------------------+
| Global Id | Driver Type/Pin | Driver Region (D) | Clock                      | Period (ns) | Waveform (ns) | Slice Loads | IO Loads | Clocking Loads | GT Loads | Net                                               |
+-----------+-----------------+-------------------+----------------------------+-------------+---------------+-------------+----------+----------------+----------+---------------------------------------------------+
| g5        | BUFG/O          | n/a               | clkfbout_top_clk_wiz_0_1_1 |      10.000 | {0.000 5.000} |           0 |        0 |              1 |        0 | top_i/clk_wiz_0/inst/clkfbout_buf_top_clk_wiz_0_1 |
+-----------+-----------------+-------------------+----------------------------+-------------+---------------+-------------+----------+----------------+----------+---------------------------------------------------+
* Slice Loads column represents load cell count of all cell types other than IO, GT and clock resources
** IO Loads column represents load cell count of IO types
*** Clocking Loads column represents load cell count that are clock resources (global clock buffer, MMCM, PLL, etc)
**** GT Loads column represents load cell count of GT types


+----+----+----+-----------------------+
|    | X0 | X1 | HORIZONTAL PROG DELAY |
+----+----+----+-----------------------+
| Y2 |  0 |  0 |                     - |
| Y1 |  0 |  0 |                     - |
| Y0 |  1 |  0 |                     0 |
+----+----+----+-----------------------+


12. Device Cell Placement Summary for Global Clock g6
-----------------------------------------------------

+-----------+-----------------+-------------------+-----------------------------+-------------+---------------+-------------+----------+----------------+----------+--------------------------------+
| Global Id | Driver Type/Pin | Driver Region (D) | Clock                       | Period (ns) | Waveform (ns) | Slice Loads | IO Loads | Clocking Loads | GT Loads | Net                            |
+-----------+-----------------+-------------------+-----------------------------+-------------+---------------+-------------+----------+----------------+----------+--------------------------------+
| g6        | BUFG/O          | n/a               | delay_clk_top_clk_wiz_0_1_1 |       5.000 | {0.000 2.500} |           1 |        0 |              0 |        0 | top_i/clk_wiz_0/inst/delay_clk |
+-----------+-----------------+-------------------+-----------------------------+-------------+---------------+-------------+----------+----------------+----------+--------------------------------+
* Slice Loads column represents load cell count of all cell types other than IO, GT and clock resources
** IO Loads column represents load cell count of IO types
*** Clocking Loads column represents load cell count that are clock resources (global clock buffer, MMCM, PLL, etc)
**** GT Loads column represents load cell count of GT types


+----+----+----+-----------------------+
|    | X0 | X1 | HORIZONTAL PROG DELAY |
+----+----+----+-----------------------+
| Y2 |  0 |  1 |                     0 |
| Y1 |  0 |  0 |                     - |
| Y0 |  0 |  0 |                     - |
+----+----+----+-----------------------+


13. Device Cell Placement Summary for Global Clock g7
-----------------------------------------------------

+-----------+-----------------+-------------------+------------+-------------+---------------+-------------+----------+----------------+----------+---------------------------------------------------------------------------+
| Global Id | Driver Type/Pin | Driver Region (D) | Clock      | Period (ns) | Waveform (ns) | Slice Loads | IO Loads | Clocking Loads | GT Loads | Net                                                                       |
+-----------+-----------------+-------------------+------------+-------------+---------------+-------------+----------+----------------+----------+---------------------------------------------------------------------------+
| g7        | BUFG/O          | n/a               | clk_fpga_0 |      10.000 | {0.000 5.000} |           0 |        0 |              1 |        0 | top_i/peripherals_0/clk_wiz_0/inst/clk_in1_peripherals_inst_1_clk_wiz_0_0 |
+-----------+-----------------+-------------------+------------+-------------+---------------+-------------+----------+----------------+----------+---------------------------------------------------------------------------+
* Slice Loads column represents load cell count of all cell types other than IO, GT and clock resources
** IO Loads column represents load cell count of IO types
*** Clocking Loads column represents load cell count that are clock resources (global clock buffer, MMCM, PLL, etc)
**** GT Loads column represents load cell count of GT types


+----+----+----+-----------------------+
|    | X0 | X1 | HORIZONTAL PROG DELAY |
+----+----+----+-----------------------+
| Y2 |  0 |  1 |                     0 |
| Y1 |  0 |  0 |                     - |
| Y0 |  0 |  0 |                     - |
+----+----+----+-----------------------+


14. Device Cell Placement Summary for Global Clock g8
-----------------------------------------------------

+-----------+-----------------+-------------------+-----------------------------------------+-------------+----------------+-------------+----------+----------------+----------+--------------------------------------------------------------------------------+
| Global Id | Driver Type/Pin | Driver Region (D) | Clock                                   | Period (ns) | Waveform (ns)  | Slice Loads | IO Loads | Clocking Loads | GT Loads | Net                                                                            |
+-----------+-----------------+-------------------+-----------------------------------------+-------------+----------------+-------------+----------+----------------+----------+--------------------------------------------------------------------------------+
| g8        | BUFG/O          | n/a               | clkfbout_peripherals_inst_1_clk_wiz_0_0 |      50.000 | {0.000 25.000} |           0 |        0 |              1 |        0 | top_i/peripherals_0/clk_wiz_0/inst/clkfbout_buf_peripherals_inst_1_clk_wiz_0_0 |
+-----------+-----------------+-------------------+-----------------------------------------+-------------+----------------+-------------+----------+----------------+----------+--------------------------------------------------------------------------------+
* Slice Loads column represents load cell count of all cell types other than IO, GT and clock resources
** IO Loads column represents load cell count of IO types
*** Clocking Loads column represents load cell count that are clock resources (global clock buffer, MMCM, PLL, etc)
**** GT Loads column represents load cell count of GT types


+----+----+----+-----------------------+
|    | X0 | X1 | HORIZONTAL PROG DELAY |
+----+----+----+-----------------------+
| Y2 |  0 |  1 |                     0 |
| Y1 |  0 |  0 |                     - |
| Y0 |  0 |  0 |                     - |
+----+----+----+-----------------------+


15. Device Cell Placement Summary for Global Clock g9
-----------------------------------------------------

+-----------+-----------------+-------------------+------------------------------------+-------------+---------------+-------------+----------+----------------+----------+----------------------------------------------------------------------+
| Global Id | Driver Type/Pin | Driver Region (D) | Clock                              | Period (ns) | Waveform (ns) | Slice Loads | IO Loads | Clocking Loads | GT Loads | Net                                                                  |
+-----------+-----------------+-------------------+------------------------------------+-------------+---------------+-------------+----------+----------------+----------+----------------------------------------------------------------------+
| g9        | BUFG/O          | n/a               | clkfbout_sensor_inst_0_clk_wiz_0_0 |       4.000 | {0.000 2.000} |           0 |        0 |              1 |        0 | top_i/sensor_0/clk_wiz_0/inst/clkfbout_buf_sensor_inst_0_clk_wiz_0_0 |
+-----------+-----------------+-------------------+------------------------------------+-------------+---------------+-------------+----------+----------------+----------+----------------------------------------------------------------------+
* Slice Loads column represents load cell count of all cell types other than IO, GT and clock resources
** IO Loads column represents load cell count of IO types
*** Clocking Loads column represents load cell count that are clock resources (global clock buffer, MMCM, PLL, etc)
**** GT Loads column represents load cell count of GT types


+----+----+----+-----------------------+
|    | X0 | X1 | HORIZONTAL PROG DELAY |
+----+----+----+-----------------------+
| Y2 |  0 |  0 |                     - |
| Y1 |  0 |  1 |                     0 |
| Y0 |  0 |  0 |                     - |
+----+----+----+-----------------------+


16. Device Cell Placement Summary for Global Clock g10
------------------------------------------------------

+-----------+-----------------+-------------------+---------------------------+-------------+----------------+-------------+----------+----------------+----------+------------------------------+
| Global Id | Driver Type/Pin | Driver Region (D) | Clock                     | Period (ns) | Waveform (ns)  | Slice Loads | IO Loads | Clocking Loads | GT Loads | Net                          |
+-----------+-----------------+-------------------+---------------------------+-------------+----------------+-------------+----------+----------------+----------+------------------------------+
| g10       | BUFG/O          | n/a               | eth_clk_top_clk_wiz_0_1_1 |      40.000 | {0.000 20.000} |           0 |        1 |              0 |        0 | top_i/clk_wiz_0/inst/eth_clk |
+-----------+-----------------+-------------------+---------------------------+-------------+----------------+-------------+----------+----------------+----------+------------------------------+
* Slice Loads column represents load cell count of all cell types other than IO, GT and clock resources
** IO Loads column represents load cell count of IO types
*** Clocking Loads column represents load cell count that are clock resources (global clock buffer, MMCM, PLL, etc)
**** GT Loads column represents load cell count of GT types


+----+----+----+-----------------------+
|    | X0 | X1 | HORIZONTAL PROG DELAY |
+----+----+----+-----------------------+
| Y2 |  0 |  1 |                     0 |
| Y1 |  0 |  0 |                     - |
| Y0 |  0 |  0 |                     - |
+----+----+----+-----------------------+


17. Device Cell Placement Summary for Global Clock g11
------------------------------------------------------

+-----------+-----------------+-------------------+------------------------------+-------------+----------------+-------------+----------+----------------+----------+---------------------------------+
| Global Id | Driver Type/Pin | Driver Region (D) | Clock                        | Period (ns) | Waveform (ns)  | Slice Loads | IO Loads | Clocking Loads | GT Loads | Net                             |
+-----------+-----------------+-------------------+------------------------------+-------------+----------------+-------------+----------+----------------+----------+---------------------------------+
| g11       | BUFG/O          | n/a               | sensor_clk_top_clk_wiz_0_1_1 |      20.000 | {0.000 10.000} |           0 |        1 |              0 |        0 | top_i/clk_wiz_0/inst/sensor_clk |
+-----------+-----------------+-------------------+------------------------------+-------------+----------------+-------------+----------+----------------+----------+---------------------------------+
* Slice Loads column represents load cell count of all cell types other than IO, GT and clock resources
** IO Loads column represents load cell count of IO types
*** Clocking Loads column represents load cell count that are clock resources (global clock buffer, MMCM, PLL, etc)
**** GT Loads column represents load cell count of GT types


+----+----+----+-----------------------+
|    | X0 | X1 | HORIZONTAL PROG DELAY |
+----+----+----+-----------------------+
| Y2 |  0 |  0 |                     - |
| Y1 |  0 |  1 |                     0 |
| Y0 |  0 |  0 |                     - |
+----+----+----+-----------------------+


18. Device Cell Placement Summary for Global Clock g12
------------------------------------------------------

+-----------+-----------------+-------------------+---------------------------+-------------+----------------+-------------+----------+----------------+----------+------------------------------+
| Global Id | Driver Type/Pin | Driver Region (D) | Clock                     | Period (ns) | Waveform (ns)  | Slice Loads | IO Loads | Clocking Loads | GT Loads | Net                          |
+-----------+-----------------+-------------------+---------------------------+-------------+----------------+-------------+----------+----------------+----------+------------------------------+
| g12       | BUFG/O          | n/a               | usb_clk_top_clk_wiz_0_1_1 |      83.333 | {0.000 41.667} |           0 |        1 |              0 |        0 | top_i/clk_wiz_0/inst/usb_clk |
+-----------+-----------------+-------------------+---------------------------+-------------+----------------+-------------+----------+----------------+----------+------------------------------+
* Slice Loads column represents load cell count of all cell types other than IO, GT and clock resources
** IO Loads column represents load cell count of IO types
*** Clocking Loads column represents load cell count that are clock resources (global clock buffer, MMCM, PLL, etc)
**** GT Loads column represents load cell count of GT types


+----+----+----+-----------------------+
|    | X0 | X1 | HORIZONTAL PROG DELAY |
+----+----+----+-----------------------+
| Y2 |  0 |  1 |                     0 |
| Y1 |  0 |  0 |                     - |
| Y0 |  0 |  0 |                     - |
+----+----+----+-----------------------+


19. Clock Region Cell Placement per Global Clock: Region X0Y0
-------------------------------------------------------------

+-----------+-------+-----------------+------------+-------------+-----------------+----+-------------+------+-----+----+------+-----+---------+---------------------------------------------------+
| Global Id | Track | Driver Type/Pin | Constraint | Clock Loads | Non-Clock Loads | FF | Memory LUTs | RAMB | DSP | GT | MMCM | PLL | Hard IP | Net                                               |
+-----------+-------+-----------------+------------+-------------+-----------------+----+-------------+------+-----+----+------+-----+---------+---------------------------------------------------+
| g0        | n/a   | BUFG/O          | None       |           1 |               0 |  0 |           0 |    0 |   0 |  0 |    1 |   0 |       0 | top_i/processing_system7_0/inst/FCLK_CLK0         |
| g5        | n/a   | BUFG/O          | None       |           1 |               0 |  0 |           0 |    0 |   0 |  0 |    1 |   0 |       0 | top_i/clk_wiz_0/inst/clkfbout_buf_top_clk_wiz_0_1 |
+-----------+-------+-----------------+------------+-------------+-----------------+----+-------------+------+-----+----+------+-----+---------+---------------------------------------------------+
* Clock Loads column represents cell count of net connects that connect to a clock pin. Internal cell leaf pins are not considered
** Non-Clock Loads column represents cell count of non-clock pin loads
*** Columns FF, LUTRAM, RAMB through 'Hard IP' represents load cell counts


20. Clock Region Cell Placement per Global Clock: Region X0Y1
-------------------------------------------------------------

+-----------+-------+-----------------+------------+-------------+-----------------+------+-------------+------+-----+----+------+-----+---------+-------------------------------------------------+
| Global Id | Track | Driver Type/Pin | Constraint | Clock Loads | Non-Clock Loads | FF   | Memory LUTs | RAMB | DSP | GT | MMCM | PLL | Hard IP | Net                                             |
+-----------+-------+-----------------+------------+-------------+-----------------+------+-------------+------+-----+----+------+-----+---------+-------------------------------------------------+
| g0        | n/a   | BUFG/O          | None       |        2098 |               0 | 1993 |         104 |    0 |   0 |  0 |    0 |   0 |       0 | top_i/processing_system7_0/inst/FCLK_CLK0       |
| g1        | n/a   | BUFG/O          | None       |          12 |               0 |   12 |           0 |    0 |   0 |  0 |    0 |   0 |       0 | top_i/sensor_0/clk_wiz_0/inst/par_clk           |
| g2        | n/a   | BUFG/O          | None       |           3 |               0 |    3 |           0 |    0 |   0 |  0 |    0 |   0 |       0 | top_i/sensor_0/clk_wiz_0/inst/ser_clk           |
| g3        | n/a   | BUFG/O          | None       |         124 |               0 |  123 |           0 |    0 |   0 |  0 |    0 |   0 |       0 | top_i/peripherals_0/clk_wiz_0/inst/disp_spi_clk |
+-----------+-------+-----------------+------------+-------------+-----------------+------+-------------+------+-----+----+------+-----+---------+-------------------------------------------------+
* Clock Loads column represents cell count of net connects that connect to a clock pin. Internal cell leaf pins are not considered
** Non-Clock Loads column represents cell count of non-clock pin loads
*** Columns FF, LUTRAM, RAMB through 'Hard IP' represents load cell counts


21. Clock Region Cell Placement per Global Clock: Region X1Y1
-------------------------------------------------------------

+-----------+-------+-----------------+------------+-------------+-----------------+------+-------------+------+-----+----+------+-----+---------+----------------------------------------------------------------------+
| Global Id | Track | Driver Type/Pin | Constraint | Clock Loads | Non-Clock Loads | FF   | Memory LUTs | RAMB | DSP | GT | MMCM | PLL | Hard IP | Net                                                                  |
+-----------+-------+-----------------+------------+-------------+-----------------+------+-------------+------+-----+----+------+-----+---------+----------------------------------------------------------------------+
| g0        | n/a   | BUFG/O          | None       |        1066 |               0 | 1021 |          44 |    0 |   0 |  0 |    0 |   0 |       0 | top_i/processing_system7_0/inst/FCLK_CLK0                            |
| g3        | n/a   | BUFG/O          | None       |         138 |               0 |  137 |           0 |    0 |   0 |  0 |    0 |   0 |       0 | top_i/peripherals_0/clk_wiz_0/inst/disp_spi_clk                      |
| g4        | n/a   | BUFG/O          | None       |         219 |               0 |  219 |           0 |    0 |   0 |  0 |    0 |   0 |       0 | top_i/peripherals_0/clk_wiz_0/inst/badc_spi_clk                      |
| g9        | n/a   | BUFG/O          | None       |           1 |               0 |    0 |           0 |    0 |   0 |  0 |    1 |   0 |       0 | top_i/sensor_0/clk_wiz_0/inst/clkfbout_buf_sensor_inst_0_clk_wiz_0_0 |
| g11       | n/a   | BUFG/O          | None       |           0 |               1 |    0 |           0 |    0 |   0 |  0 |    0 |   0 |       0 | top_i/clk_wiz_0/inst/sensor_clk                                      |
+-----------+-------+-----------------+------------+-------------+-----------------+------+-------------+------+-----+----+------+-----+---------+----------------------------------------------------------------------+
* Clock Loads column represents cell count of net connects that connect to a clock pin. Internal cell leaf pins are not considered
** Non-Clock Loads column represents cell count of non-clock pin loads
*** Columns FF, LUTRAM, RAMB through 'Hard IP' represents load cell counts


22. Clock Region Cell Placement per Global Clock: Region X0Y2
-------------------------------------------------------------

+-----------+-------+-----------------+------------+-------------+-----------------+------+-------------+------+-----+----+------+-----+---------+-------------------------------------------+
| Global Id | Track | Driver Type/Pin | Constraint | Clock Loads | Non-Clock Loads | FF   | Memory LUTs | RAMB | DSP | GT | MMCM | PLL | Hard IP | Net                                       |
+-----------+-------+-----------------+------------+-------------+-----------------+------+-------------+------+-----+----+------+-----+---------+-------------------------------------------+
| g0        | n/a   | BUFG/O          | None       |         160 |               0 |  146 |          13 |    0 |   0 |  0 |    0 |   0 |       0 | top_i/processing_system7_0/inst/FCLK_CLK0 |
| g1        | n/a   | BUFG/O          | None       |        1025 |               0 | 1025 |           0 |    0 |   0 |  0 |    0 |   0 |       0 | top_i/sensor_0/clk_wiz_0/inst/par_clk     |
| g2        | n/a   | BUFG/O          | None       |         321 |               0 |  321 |           0 |    0 |   0 |  0 |    0 |   0 |       0 | top_i/sensor_0/clk_wiz_0/inst/ser_clk     |
+-----------+-------+-----------------+------------+-------------+-----------------+------+-------------+------+-----+----+------+-----+---------+-------------------------------------------+
* Clock Loads column represents cell count of net connects that connect to a clock pin. Internal cell leaf pins are not considered
** Non-Clock Loads column represents cell count of non-clock pin loads
*** Columns FF, LUTRAM, RAMB through 'Hard IP' represents load cell counts


23. Clock Region Cell Placement per Global Clock: Region X1Y2
-------------------------------------------------------------

+-----------+-------+-----------------+------------+-------------+-----------------+-----+-------------+------+-----+----+------+-----+---------+--------------------------------------------------------------------------------+
| Global Id | Track | Driver Type/Pin | Constraint | Clock Loads | Non-Clock Loads | FF  | Memory LUTs | RAMB | DSP | GT | MMCM | PLL | Hard IP | Net                                                                            |
+-----------+-------+-----------------+------------+-------------+-----------------+-----+-------------+------+-----+----+------+-----+---------+--------------------------------------------------------------------------------+
| g0        | n/a   | BUFG/O          | None       |         176 |               0 | 172 |           4 |    0 |   0 |  0 |    0 |   0 |       0 | top_i/processing_system7_0/inst/FCLK_CLK0                                      |
| g1        | n/a   | BUFG/O          | None       |          28 |               0 |  12 |           0 |    0 |   0 |  0 |    0 |   0 |       0 | top_i/sensor_0/clk_wiz_0/inst/par_clk                                          |
| g2        | n/a   | BUFG/O          | None       |          28 |               0 |  28 |           0 |    0 |   0 |  0 |    0 |   0 |       0 | top_i/sensor_0/clk_wiz_0/inst/ser_clk                                          |
| g3        | n/a   | BUFG/O          | None       |           3 |               0 |   3 |           0 |    0 |   0 |  0 |    0 |   0 |       0 | top_i/peripherals_0/clk_wiz_0/inst/disp_spi_clk                                |
| g6        | n/a   | BUFG/O          | None       |           1 |               0 |   0 |           0 |    0 |   0 |  0 |    0 |   0 |       0 | top_i/clk_wiz_0/inst/delay_clk                                                 |
| g7        | n/a   | BUFG/O          | None       |           1 |               0 |   0 |           0 |    0 |   0 |  0 |    0 |   1 |       0 | top_i/peripherals_0/clk_wiz_0/inst/clk_in1_peripherals_inst_1_clk_wiz_0_0      |
| g8        | n/a   | BUFG/O          | None       |           1 |               0 |   0 |           0 |    0 |   0 |  0 |    0 |   1 |       0 | top_i/peripherals_0/clk_wiz_0/inst/clkfbout_buf_peripherals_inst_1_clk_wiz_0_0 |
| g10       | n/a   | BUFG/O          | None       |           0 |               1 |   0 |           0 |    0 |   0 |  0 |    0 |   0 |       0 | top_i/clk_wiz_0/inst/eth_clk                                                   |
| g12       | n/a   | BUFG/O          | None       |           0 |               1 |   0 |           0 |    0 |   0 |  0 |    0 |   0 |       0 | top_i/clk_wiz_0/inst/usb_clk                                                   |
+-----------+-------+-----------------+------------+-------------+-----------------+-----+-------------+------+-----+----+------+-----+---------+--------------------------------------------------------------------------------+
* Clock Loads column represents cell count of net connects that connect to a clock pin. Internal cell leaf pins are not considered
** Non-Clock Loads column represents cell count of non-clock pin loads
*** Columns FF, LUTRAM, RAMB through 'Hard IP' represents load cell counts



# Location of BUFG Primitives 
set_property LOC BUFGCTRL_X0Y27 [get_cells top_i/sensor_0/clk_wiz_0/inst/clkout2_buf]
set_property LOC BUFGCTRL_X0Y28 [get_cells top_i/sensor_0/clk_wiz_0/inst/clkout1_buf]
set_property LOC BUFGCTRL_X0Y29 [get_cells top_i/sensor_0/clk_wiz_0/inst/clkf_buf]
set_property LOC BUFGCTRL_X0Y31 [get_cells top_i/processing_system7_0/inst/buffer_fclk_clk_0.FCLK_CLK_0_BUFG]
set_property LOC BUFGCTRL_X0Y24 [get_cells top_i/peripherals_0/clk_wiz_0/inst/clkout2_buf]
set_property LOC BUFGCTRL_X0Y26 [get_cells top_i/peripherals_0/clk_wiz_0/inst/clkf_buf]
set_property LOC BUFGCTRL_X0Y30 [get_cells top_i/peripherals_0/clk_wiz_0/inst/clkin1_bufg]
set_property LOC BUFGCTRL_X0Y25 [get_cells top_i/peripherals_0/clk_wiz_0/inst/clkout1_buf]
set_property LOC BUFGCTRL_X0Y3 [get_cells top_i/clk_wiz_0/inst/clkout3_buf]
set_property LOC BUFGCTRL_X0Y2 [get_cells top_i/clk_wiz_0/inst/clkout2_buf]
set_property LOC BUFGCTRL_X0Y4 [get_cells top_i/clk_wiz_0/inst/clkout4_buf]
set_property LOC BUFGCTRL_X0Y1 [get_cells top_i/clk_wiz_0/inst/clkout1_buf]
set_property LOC BUFGCTRL_X0Y0 [get_cells top_i/clk_wiz_0/inst/clkf_buf]

# Location of IO Primitives which is load of clock spine
set_property LOC IOB_X1Y119 [get_cells USB_REFCLK_OBUF_inst]
set_property LOC IOB_X1Y69 [get_cells SENSOR_CLK_OBUF_inst]
set_property LOC IOB_X1Y115 [get_cells ETH_CLK25M_OBUF_inst]

# Location of clock ports
set_property LOC IOB_X1Y71 [get_ports ddr_clk_n_i_0_0]
set_property LOC IOB_X1Y72 [get_ports ddr_clk_p_i_0_0]

# Clock net "top_i/sensor_0/clk_wiz_0/inst/ser_clk" driven by instance "top_i/sensor_0/clk_wiz_0/inst/clkout2_buf" located at site "BUFGCTRL_X0Y27"
#startgroup
create_pblock {CLKAG_top_i/sensor_0/clk_wiz_0/inst/ser_clk}
add_cells_to_pblock [get_pblocks  {CLKAG_top_i/sensor_0/clk_wiz_0/inst/ser_clk}] [get_cells -filter { PRIMITIVE_GROUP != I/O && IS_PRIMITIVE==1 && PRIMITIVE_LEVEL !=INTERNAL } -of_object [get_pins -filter {DIRECTION==IN} -of_objects [get_nets -hierarchical -filter {PARENT=="top_i/sensor_0/clk_wiz_0/inst/ser_clk"}]]]
resize_pblock [get_pblocks {CLKAG_top_i/sensor_0/clk_wiz_0/inst/ser_clk}] -add {CLOCKREGION_X0Y1:CLOCKREGION_X0Y1 CLOCKREGION_X0Y2:CLOCKREGION_X0Y2 CLOCKREGION_X1Y2:CLOCKREGION_X1Y2}
#endgroup

# Clock net "top_i/sensor_0/clk_wiz_0/inst/par_clk" driven by instance "top_i/sensor_0/clk_wiz_0/inst/clkout1_buf" located at site "BUFGCTRL_X0Y28"
#startgroup
create_pblock {CLKAG_top_i/sensor_0/clk_wiz_0/inst/par_clk}
add_cells_to_pblock [get_pblocks  {CLKAG_top_i/sensor_0/clk_wiz_0/inst/par_clk}] [get_cells -filter { PRIMITIVE_GROUP != I/O && IS_PRIMITIVE==1 && PRIMITIVE_LEVEL !=INTERNAL } -of_object [get_pins -filter {DIRECTION==IN} -of_objects [get_nets -hierarchical -filter {PARENT=="top_i/sensor_0/clk_wiz_0/inst/par_clk"}]]]
resize_pblock [get_pblocks {CLKAG_top_i/sensor_0/clk_wiz_0/inst/par_clk}] -add {CLOCKREGION_X0Y1:CLOCKREGION_X0Y1 CLOCKREGION_X0Y2:CLOCKREGION_X0Y2 CLOCKREGION_X1Y2:CLOCKREGION_X1Y2}
#endgroup

# Clock net "top_i/processing_system7_0/inst/FCLK_CLK0" driven by instance "top_i/processing_system7_0/inst/buffer_fclk_clk_0.FCLK_CLK_0_BUFG" located at site "BUFGCTRL_X0Y31"
#startgroup
create_pblock {CLKAG_top_i/processing_system7_0/inst/FCLK_CLK0}
add_cells_to_pblock [get_pblocks  {CLKAG_top_i/processing_system7_0/inst/FCLK_CLK0}] [get_cells -filter { PRIMITIVE_GROUP != I/O && IS_PRIMITIVE==1 && PRIMITIVE_LEVEL !=INTERNAL && NAME!=top_i/peripherals_0/clk_wiz_0/inst/clkin1_bufg && NAME!=top_i/clk_wiz_0/inst/mmcm_adv_inst} -of_object [get_pins -filter {DIRECTION==IN} -of_objects [get_nets -hierarchical -filter {PARENT=="top_i/processing_system7_0/inst/FCLK_CLK0"}]]]
resize_pblock [get_pblocks {CLKAG_top_i/processing_system7_0/inst/FCLK_CLK0}] -add {CLOCKREGION_X0Y1:CLOCKREGION_X0Y1 CLOCKREGION_X0Y2:CLOCKREGION_X0Y2 CLOCKREGION_X1Y1:CLOCKREGION_X1Y1 CLOCKREGION_X1Y2:CLOCKREGION_X1Y2}
#endgroup

# Clock net "top_i/peripherals_0/clk_wiz_0/inst/disp_spi_clk" driven by instance "top_i/peripherals_0/clk_wiz_0/inst/clkout2_buf" located at site "BUFGCTRL_X0Y24"
#startgroup
create_pblock {CLKAG_top_i/peripherals_0/clk_wiz_0/inst/disp_spi_clk}
add_cells_to_pblock [get_pblocks  {CLKAG_top_i/peripherals_0/clk_wiz_0/inst/disp_spi_clk}] [get_cells -filter { PRIMITIVE_GROUP != I/O && IS_PRIMITIVE==1 && PRIMITIVE_LEVEL !=INTERNAL } -of_object [get_pins -filter {DIRECTION==IN} -of_objects [get_nets -hierarchical -filter {PARENT=="top_i/peripherals_0/clk_wiz_0/inst/disp_spi_clk"}]]]
resize_pblock [get_pblocks {CLKAG_top_i/peripherals_0/clk_wiz_0/inst/disp_spi_clk}] -add {CLOCKREGION_X0Y1:CLOCKREGION_X0Y1 CLOCKREGION_X1Y1:CLOCKREGION_X1Y1 CLOCKREGION_X1Y2:CLOCKREGION_X1Y2}
#endgroup

# Clock net "top_i/peripherals_0/clk_wiz_0/inst/badc_spi_clk" driven by instance "top_i/peripherals_0/clk_wiz_0/inst/clkout1_buf" located at site "BUFGCTRL_X0Y25"
#startgroup
create_pblock {CLKAG_top_i/peripherals_0/clk_wiz_0/inst/badc_spi_clk}
add_cells_to_pblock [get_pblocks  {CLKAG_top_i/peripherals_0/clk_wiz_0/inst/badc_spi_clk}] [get_cells -filter { PRIMITIVE_GROUP != I/O && IS_PRIMITIVE==1 && PRIMITIVE_LEVEL !=INTERNAL } -of_object [get_pins -filter {DIRECTION==IN} -of_objects [get_nets -hierarchical -filter {PARENT=="top_i/peripherals_0/clk_wiz_0/inst/badc_spi_clk"}]]]
resize_pblock [get_pblocks {CLKAG_top_i/peripherals_0/clk_wiz_0/inst/badc_spi_clk}] -add {CLOCKREGION_X1Y1:CLOCKREGION_X1Y1}
#endgroup

# Clock net "top_i/clk_wiz_0/inst/delay_clk" driven by instance "top_i/clk_wiz_0/inst/clkout1_buf" located at site "BUFGCTRL_X0Y1"
#startgroup
create_pblock {CLKAG_top_i/clk_wiz_0/inst/delay_clk}
add_cells_to_pblock [get_pblocks  {CLKAG_top_i/clk_wiz_0/inst/delay_clk}] [get_cells -filter { PRIMITIVE_GROUP != I/O && IS_PRIMITIVE==1 && PRIMITIVE_LEVEL !=INTERNAL } -of_object [get_pins -filter {DIRECTION==IN} -of_objects [get_nets -hierarchical -filter {PARENT=="top_i/clk_wiz_0/inst/delay_clk"}]]]
resize_pblock [get_pblocks {CLKAG_top_i/clk_wiz_0/inst/delay_clk}] -add {CLOCKREGION_X1Y2:CLOCKREGION_X1Y2}
#endgroup
